2026-06-11 13:56, success, 22.25
2026-06-11 14:38, failed, 62.76
2026-06-11 15:07, success, 21.55
2026-06-11 15:24, success, 26.00
2026-06-11 15:35, success, 30.84
2026-06-11 15:45, success, 21.52
2026-06-11 15:52, success, 21.56
2026-06-11 16:13, success, 21.51
2026-06-11 16:46, success, 22.56
2026-06-11 17:06, success, 31.82
2026-06-11 17:31, success, 19.13
2026-06-11 17:38, success, 19.73
2026-06-11 18:02, success, 19.45
2026-06-11 18:32, success, 29.27
2026-06-11 19:00, success, 20.25
2026-06-11 19:31, success, 19.25
2026-06-11 20:00, success, 22.41
2026-06-11 20:02, success, 19.67
2026-06-11 20:31, success, 50.98
2026-06-11 20:59, success, 19.09
2026-06-11 21:01, success, 19.64
2026-06-11 21:31, success, 26.00
2026-06-11 22:01, success, 41.91
2026-06-11 22:03, success, 22.19
2026-06-11 22:31, success, 32.42
2026-06-11 23:00, success, 35.33
2026-06-11 23:02, success, 22.86
2026-06-11 23:31, success, 31.55
2026-06-12 00:00, success, 57.05
2026-06-12 00:03, success, 19.52
2026-06-12 00:31, success, 28.65
2026-06-12 01:00, success, 31.83
2026-06-12 01:01, failed, 62.72
2026-06-12 01:33, success, 28.59
2026-06-12 02:01, success, 59.98
2026-06-12 02:02, failed, 62.73
2026-06-12 02:31, success, 19.58
2026-06-12 03:00, success, 25.75
2026-06-12 03:03, success, 40.85
2026-06-12 03:31, success, 22.55
2026-06-12 04:00, success, 19.11
2026-06-12 04:02, success, 22.47
2026-06-12 04:31, success, 22.34
2026-06-12 05:00, success, 19.54
2026-06-12 05:05, success, 41.04
2026-06-12 05:33, success, 35.06
2026-06-12 05:59, failed, 61.90
2026-06-12 06:05, success, 47.89
2026-06-12 06:30, success, 22.23
2026-06-12 06:59, failed, 62.50
2026-06-12 07:01, failed, 61.13
2026-06-12 07:30, success, 22.53
2026-06-12 08:00, success, 35.39
2026-06-12 08:03, success, 37.92
2026-06-12 08:31, success, 19.32
2026-06-12 09:00, success, 56.42
2026-06-12 09:03, success, 32.12
2026-06-12 09:31, success, 38.61
2026-06-12 10:00, success, 26.09
2026-06-12 10:03, success, 44.00
2026-06-12 10:32, success, 38.57
2026-06-12 10:59, success, 22.21
2026-06-12 11:02, success, 28.39
2026-06-12 11:31, success, 19.26
2026-06-12 11:59, success, 19.26
2026-06-12 12:02, success, 29.08
2026-06-12 12:31, success, 19.14
2026-06-12 12:59, success, 53.26
2026-06-12 13:02, success, 19.29
2026-06-12 13:31, success, 19.27
2026-06-12 14:00, success, 22.86
2026-06-12 14:02, success, 22.86
2026-06-12 14:31, success, 20.01
2026-06-12 15:00, success, 41.25
2026-06-12 15:02, failed, 62.48
2026-06-12 15:22, success, 25.91
2026-06-12 15:30, success, 34.98
2026-06-12 16:00, success, 22.29
2026-06-12 16:02, success, 26.08
2026-06-12 16:31, success, 38.16
2026-06-12 17:00, success, 19.13
2026-06-12 17:02, success, 19.09
2026-06-12 17:31, success, 19.11
2026-06-12 18:00, success, 22.23
2026-06-12 18:02, success, 19.31
2026-06-12 18:31, success, 19.70
2026-06-12 18:59, success, 19.23
2026-06-12 19:02, success, 28.44
2026-06-12 19:31, success, 19.84
2026-06-12 20:00, success, 31.64
2026-06-12 20:03, success, 58.26
2026-06-12 20:30, failed, 62.58
2026-06-12 21:00, success, 22.23
2026-06-12 21:02, success, 22.27
2026-06-12 21:30, success, 25.31
2026-06-12 22:00, success, 19.82
2026-06-12 22:01, failed, 60.86
2026-06-12 22:32, success, 19.70
2026-06-12 23:00, success, 28.67
2026-06-12 23:02, success, 25.80
2026-06-12 23:31, success, 19.33
2026-06-13 00:00, success, 19.53
2026-06-13 00:02, success, 22.32
2026-06-13 00:31, success, 19.41
2026-06-13 01:00, success, 20.54
2026-06-13 01:01, failed, 62.92
2026-06-13 01:30, failed, 62.39
2026-06-13 02:00, success, 16.64
2026-06-13 02:02, success, 19.77
2026-06-13 02:31, success, 25.38
2026-06-13 03:00, success, 22.40
2026-06-13 03:02, success, 38.70
2026-06-13 03:31, success, 22.72
2026-06-13 03:59, success, 22.53
2026-06-13 04:02, success, 22.19
2026-06-13 04:31, success, 22.20
2026-06-13 05:00, success, 22.21
2026-06-13 05:02, success, 19.68
2026-06-13 05:31, success, 19.19
2026-06-13 06:00, success, 22.25
2026-06-13 06:01, failed, 62.42
2026-06-13 06:31, success, 22.79
2026-06-13 07:00, success, 22.42
2026-06-13 07:02, success, 26.26
2026-06-13 07:31, success, 28.90
2026-06-13 07:59, success, 19.34
2026-06-13 08:02, success, 47.88
2026-06-13 08:31, success, 28.50
2026-06-13 09:00, success, 38.08
2026-06-13 09:02, success, 29.34
2026-06-13 09:30, success, 19.11
2026-06-13 10:00, success, 20.81
2026-06-13 10:02, success, 19.59
2026-06-13 10:30, success, 22.87
2026-06-13 10:59, success, 19.40
2026-06-13 11:03, success, 48.29
2026-06-13 11:31, success, 23.14
2026-06-13 12:00, success, 24.53
2026-06-13 12:02, success, 26.03
2026-06-13 12:30, success, 25.70
2026-06-13 13:00, success, 28.51
2026-06-13 13:02, success, 22.78
2026-06-13 13:31, success, 24.50
2026-06-13 14:00, success, 25.97
2026-06-13 14:02, success, 38.38
2026-06-13 14:30, success, 22.30
2026-06-13 15:00, success, 50.83
2026-06-13 15:01, failed, 60.80
2026-06-13 15:31, success, 19.30
2026-06-13 15:59, success, 25.73
2026-06-13 16:02, success, 19.64
2026-06-13 16:31, success, 25.29
2026-06-13 17:00, success, 28.42
2026-06-13 17:02, success, 26.02
2026-06-13 17:31, success, 19.30
2026-06-13 18:00, success, 38.63
2026-06-13 18:02, success, 19.72
2026-06-13 18:31, success, 34.89
2026-06-13 19:00, success, 22.38
2026-06-13 19:02, success, 19.15
2026-06-13 19:31, success, 25.39
2026-06-13 20:00, success, 22.22
2026-06-13 20:02, success, 20.42
2026-06-13 20:31, success, 22.65
2026-06-13 21:00, success, 26.33
2026-06-13 21:02, failed, 62.58
2026-06-13 21:31, success, 29.28
2026-06-13 22:00, success, 38.05
2026-06-13 22:02, success, 38.01
2026-06-13 22:31, success, 35.09
2026-06-13 22:59, success, 19.30
2026-06-13 23:02, success, 19.70
2026-06-13 23:31, success, 25.51
2026-06-14 00:00, success, 35.62
2026-06-14 00:02, success, 26.38
2026-06-14 00:31, success, 59.60
2026-06-14 00:59, failed, 62.91
2026-06-14 01:02, success, 25.47
2026-06-14 01:31, success, 19.75
2026-06-14 02:00, success, 47.25
2026-06-14 02:02, success, 22.95
2026-06-14 02:30, success, 25.63
2026-06-14 03:00, success, 62.50
2026-06-14 03:03, success, 45.22
2026-06-14 03:31, success, 19.16
2026-06-14 04:00, success, 25.39
2026-06-14 04:02, success, 22.91
2026-06-14 04:31, success, 37.81
2026-06-14 05:00, success, 19.56
2026-06-14 05:02, success, 19.83
2026-06-14 05:31, success, 34.75
2026-06-14 06:00, success, 37.96
2026-06-14 06:03, success, 23.03
2026-06-14 06:31, success, 31.79
2026-06-14 07:00, success, 23.28
2026-06-14 07:02, success, 25.64
2026-06-14 07:31, success, 28.92
2026-06-14 08:00, success, 34.73
2026-06-14 08:02, success, 29.00
2026-06-14 08:30, success, 23.94
2026-06-14 09:00, success, 25.57
2026-06-14 09:02, success, 26.05
2026-06-14 09:31, success, 22.59
2026-06-14 10:00, success, 19.39
2026-06-14 10:02, success, 25.48
2026-06-14 10:31, success, 22.28
2026-06-14 11:00, success, 34.93
2026-06-14 11:02, success, 26.27
2026-06-14 11:30, success, 22.26
2026-06-14 12:00, success, 19.14
2026-06-14 12:02, success, 19.41
2026-06-14 12:31, success, 22.41
2026-06-14 13:00, success, 25.27
2026-06-14 13:02, success, 28.45
2026-06-14 13:31, success, 34.99
2026-06-14 14:00, success, 32.61
2026-06-14 14:02, success, 35.83
2026-06-14 14:31, success, 25.90
2026-06-14 15:00, success, 44.70
2026-06-14 15:02, success, 22.84
2026-06-14 15:30, success, 19.87
2026-06-14 16:00, success, 19.20
2026-06-14 16:02, success, 25.68
2026-06-14 16:31, success, 19.87
2026-06-14 16:59, success, 35.58
2026-06-14 17:05, success, 56.99
2026-06-14 17:30, success, 22.81
2026-06-14 18:01, success, 22.43
2026-06-14 18:05, success, 25.36
2026-06-14 18:31, success, 34.76
2026-06-14 19:00, success, 28.43
2026-06-14 19:02, success, 31.78
2026-06-14 19:31, success, 34.79
2026-06-14 20:00, success, 19.72
2026-06-14 20:02, success, 19.74
2026-06-14 20:31, success, 19.61
2026-06-14 20:59, success, 22.92
2026-06-14 21:01, success, 19.74
2026-06-14 21:30, failed, 60.42
2026-06-14 22:00, success, 19.74
2026-06-14 22:02, success, 19.67
2026-06-14 22:31, success, 19.74
2026-06-14 23:00, success, 19.70
2026-06-14 23:02, success, 22.87
2026-06-14 23:31, success, 28.90
2026-06-15 00:00, success, 19.70
2026-06-15 00:02, success, 31.52
2026-06-15 00:31, success, 19.66
2026-06-15 01:00, success, 19.28
2026-06-15 01:02, success, 25.33
2026-06-15 01:30, success, 32.31
2026-06-15 01:59, failed, 62.96
2026-06-15 02:01, failed, 64.94
2026-06-15 02:31, success, 53.32
2026-06-15 02:59, failed, 62.42
2026-06-15 03:02, success, 54.18
2026-06-15 03:31, success, 26.17
2026-06-15 04:00, success, 25.60
2026-06-15 04:02, success, 19.28
2026-06-15 04:31, success, 19.75
2026-06-15 05:00, success, 46.99
2026-06-15 05:03, success, 59.86
2026-06-15 05:31, success, 47.21
2026-06-15 06:00, success, 44.03
2026-06-15 06:03, success, 45.30
2026-06-15 06:31, success, 37.83
2026-06-15 07:00, success, 19.12
2026-06-15 07:03, success, 38.04
2026-06-15 07:31, success, 44.35
2026-06-15 08:00, success, 19.57
2026-06-15 08:02, success, 19.12
2026-06-15 08:31, success, 19.08
2026-06-15 09:00, success, 22.68
2026-06-15 09:02, success, 19.78
2026-06-15 09:31, success, 22.42
2026-06-15 10:00, success, 28.71
2026-06-15 10:02, success, 22.66
2026-06-15 10:31, success, 28.84
2026-06-15 11:00, success, 32.11
2026-06-15 11:03, success, 34.65
2026-06-15 11:31, success, 32.11
2026-06-15 12:00, success, 26.02
2026-06-15 12:03, success, 55.66
2026-06-15 12:30, failed, 60.74
2026-06-15 13:00, success, 31.96
2026-06-15 13:02, success, 25.71
2026-06-15 13:31, success, 34.64
2026-06-15 14:00, success, 22.93
2026-06-15 14:00, failed, 3.55
2026-06-15 14:30, success, 19.18
2026-06-15 15:00, success, 19.14
2026-06-15 15:02, success, 22.89
2026-06-15 15:31, success, 37.99
2026-06-15 16:00, success, 25.42
2026-06-15 16:02, success, 22.26
2026-06-15 16:31, success, 25.35
2026-06-15 17:00, success, 22.85
2026-06-15 17:02, success, 28.68
2026-06-15 17:31, success, 22.99
2026-06-15 17:59, failed, 60.66
2026-06-15 18:02, success, 38.71
2026-06-15 18:31, success, 31.79
2026-06-15 18:59, failed, 62.86
2026-06-15 19:01, failed, 62.49
2026-06-15 19:31, success, 19.29
2026-06-15 20:00, success, 19.28
2026-06-15 20:02, success, 19.31
2026-06-15 20:31, success, 19.53
2026-06-15 21:00, success, 56.34
2026-06-15 21:02, success, 19.67
2026-06-15 21:31, success, 19.10
2026-06-15 22:00, success, 22.52
2026-06-15 22:02, success, 26.01
2026-06-15 22:31, success, 31.74
2026-06-15 23:00, success, 22.86
2026-06-15 23:02, success, 31.53
2026-06-15 23:31, success, 25.34
2026-06-16 00:00, success, 22.63
2026-06-16 00:02, success, 25.64
2026-06-16 00:30, success, 19.49
2026-06-16 01:00, success, 19.11
2026-06-16 01:01, success, 35.59
2026-06-16 01:31, success, 22.43
2026-06-16 02:00, success, 22.29
2026-06-16 02:00, unknown, 0.00
2026-06-16 02:31, success, 19.64
2026-06-16 02:59, success, 19.62
2026-06-16 03:02, success, 19.71
2026-06-16 03:30, success, 37.72
2026-06-16 03:59, success, 19.25
2026-06-16 04:02, success, 19.72
2026-06-16 04:31, success, 19.11
2026-06-16 05:00, success, 25.31
2026-06-16 05:02, success, 19.29
2026-06-16 05:31, success, 19.80
2026-06-16 06:00, success, 23.03
2026-06-16 06:01, failed, 62.57
2026-06-16 06:31, success, 22.46
2026-06-16 07:00, success, 31.84
2026-06-16 07:02, success, 44.00
2026-06-16 07:30, failed, 62.84
2026-06-16 07:58, failed, 16.09
2026-06-16 08:01, failed, 61.15
2026-06-16 08:31, success, 31.80
2026-06-16 09:02, success, 25.59
2026-06-16 09:05, success, 19.68
2026-06-16 09:31, success, 28.58
2026-06-16 10:00, success, 22.52
2026-06-16 10:02, success, 25.74
2026-06-16 10:31, success, 51.92
2026-06-16 10:59, success, 19.35
2026-06-16 11:01, success, 22.25
2026-06-16 11:31, success, 34.81
2026-06-16 11:59, success, 25.32
2026-06-16 12:01, success, 19.10
2026-06-16 12:31, success, 29.17
2026-06-16 13:00, success, 28.46
2026-06-16 13:02, success, 35.61
2026-06-16 13:28, success, 19.70
2026-06-16 13:30, failed, 60.60
2026-06-16 14:00, success, 50.19
2026-06-16 14:02, success, 19.11
2026-06-16 14:31, success, 25.87
2026-06-16 15:00, success, 22.37
2026-06-16 15:02, success, 22.95
2026-06-16 15:31, success, 44.40
2026-06-16 15:59, failed, 62.25
2026-06-16 16:02, success, 44.21
2026-06-16 16:30, success, 22.19
2026-06-16 17:00, success, 35.52
2026-06-16 17:02, success, 22.39
2026-06-16 17:31, success, 31.88
2026-06-16 18:00, success, 32.59
2026-06-16 18:02, success, 22.74
2026-06-16 18:30, success, 22.24
2026-06-16 19:00, success, 23.07
2026-06-16 19:01, success, 22.72
2026-06-16 19:31, success, 47.05
2026-06-16 20:00, success, 25.37
2026-06-16 20:02, success, 36.65
2026-06-16 20:31, success, 44.20
2026-06-16 21:00, success, 31.55
2026-06-16 21:02, success, 41.08
2026-06-16 21:31, success, 38.59
2026-06-16 22:00, success, 45.19
2026-06-16 22:02, success, 25.68
2026-06-16 22:31, success, 22.42
2026-06-16 23:00, success, 35.89
2026-06-16 23:01, unknown, 0.00
2026-06-16 23:30, success, 22.28
2026-06-17 00:00, success, 25.67
2026-06-17 00:02, success, 32.43
2026-06-17 00:31, success, 23.04
2026-06-17 01:00, success, 37.81
2026-06-17 01:02, success, 23.07
2026-06-17 01:31, success, 40.78
2026-06-17 02:00, success, 34.68
2026-06-17 02:02, success, 22.94
2026-06-17 02:31, success, 25.93
2026-06-17 02:59, success, 22.19
2026-06-17 03:01, success, 25.96
2026-06-17 03:30, success, 28.41
2026-06-17 04:00, success, 29.18
2026-06-17 04:01, success, 25.41
2026-06-17 04:30, success, 31.55
2026-06-17 05:00, success, 31.48
2026-06-17 05:02, success, 29.07
2026-06-17 05:30, success, 19.12
2026-06-17 06:00, success, 22.40
2026-06-17 06:01, success, 25.30
2026-06-17 06:31, success, 19.27
2026-06-17 07:00, success, 28.81
2026-06-17 07:01, success, 22.16
2026-06-17 07:31, success, 25.66
2026-06-17 08:00, success, 25.62
2026-06-17 08:02, success, 22.41
2026-06-17 08:30, success, 19.10
2026-06-17 09:00, success, 38.54
2026-06-17 09:01, success, 19.31
2026-06-17 09:31, success, 28.82
2026-06-17 10:00, success, 34.95
2026-06-17 10:01, success, 22.43
2026-06-17 10:30, success, 19.69
2026-06-17 10:59, success, 22.40
2026-06-17 11:01, success, 19.68
2026-06-17 11:30, success, 19.40
2026-06-17 12:00, success, 31.99
2026-06-17 12:02, success, 32.54
2026-06-17 12:31, success, 34.32
2026-06-17 13:00, success, 32.34
2026-06-17 13:02, success, 35.89
2026-06-17 13:30, failed, 62.55
2026-06-17 14:00, success, 22.22
2026-06-17 14:02, success, 37.32
2026-06-17 14:30, success, 25.70
2026-06-17 14:59, failed, 62.86
2026-06-17 15:01, failed, 63.35
2026-06-17 15:31, success, 41.20
2026-06-17 16:00, success, 54.16
2026-06-17 16:02, success, 26.05
2026-06-17 16:30, success, 22.85
2026-06-17 17:00, success, 23.00
2026-06-17 17:02, success, 28.65
2026-06-17 17:30, success, 22.50
2026-06-17 18:00, success, 19.52
2026-06-17 18:02, success, 25.31
2026-06-17 18:31, success, 25.58
2026-06-17 19:00, success, 42.42
2026-06-17 19:02, success, 31.47
2026-06-17 19:29, unknown, 0.00
2026-06-17 19:59, success, 22.71
2026-06-17 20:05, success, 22.27
2026-06-17 20:31, success, 28.67
2026-06-17 20:59, success, 19.41
2026-06-17 21:01, success, 22.68
2026-06-17 21:31, success, 32.00
2026-06-17 21:59, success, 19.31
2026-06-17 22:01, success, 29.04
2026-06-17 22:31, success, 51.25
2026-06-17 22:59, success, 26.14
2026-06-17 23:01, success, 25.33
2026-06-17 23:31, success, 32.28
2026-06-18 00:00, success, 47.13
2026-06-18 00:02, success, 29.24
2026-06-18 00:29, unknown, 0.00
2026-06-18 01:00, success, 70.30
2026-06-18 01:03, success, 42.11
2026-06-18 01:31, success, 34.67
2026-06-18 02:00, success, 53.18
2026-06-18 02:02, success, 28.90
2026-06-18 02:31, success, 29.17
2026-06-18 03:00, success, 35.43
2026-06-18 03:02, success, 35.01
2026-06-18 03:31, success, 32.10
2026-06-18 04:00, success, 29.15
2026-06-18 04:02, success, 22.84
2026-06-18 04:31, failed, 121.85
2026-06-18 05:00, success, 57.71
2026-06-18 05:02, success, 34.72
2026-06-18 05:31, success, 42.24
2026-06-18 05:59, success, 19.43
2026-06-18 06:02, success, 38.65
2026-06-18 06:31, success, 29.22
2026-06-18 07:00, success, 28.41
2026-06-18 07:01, success, 28.61
2026-06-18 07:31, success, 35.24
2026-06-18 08:00, success, 26.05
2026-06-18 08:02, success, 22.28
2026-06-18 08:20, success, 19.74
2026-06-18 08:30, success, 19.15
2026-06-18 08:59, success, 19.08
2026-06-18 09:01, success, 19.08
2026-06-18 09:30, success, 19.63
2026-06-18 10:31, success, 78.66
2026-06-18 11:00, success, 42.30
2026-06-18 11:03, success, 40.87
2026-06-18 11:31, success, 22.12
2026-06-18 12:00, success, 21.57
2026-06-18 12:03, success, 63.17
2026-06-18 12:31, success, 21.46
2026-06-18 13:00, success, 24.18
2026-06-18 13:02, success, 21.91
2026-06-18 13:31, success, 22.90
2026-06-18 14:00, success, 38.16
2026-06-18 14:02, success, 37.12
2026-06-18 14:32, success, 44.63
2026-06-18 15:00, success, 24.73
2026-06-18 15:03, success, 91.87
2026-06-18 15:31, success, 25.70
2026-06-18 16:00, success, 26.62
2026-06-18 16:03, success, 36.25
2026-06-18 16:31, success, 31.53
2026-06-18 17:00, success, 18.51
2026-06-18 17:02, success, 21.90
2026-06-18 17:31, success, 21.28
2026-06-18 18:00, success, 33.91
2026-06-18 18:02, success, 23.55
2026-06-18 18:31, success, 21.42
2026-06-18 19:00, success, 25.88
2026-06-18 19:02, success, 31.88
2026-06-18 19:30, success, 21.10
2026-06-18 19:59, success, 19.66
2026-06-18 20:01, success, 22.71
2026-06-18 20:31, success, 43.61
2026-06-18 21:00, success, 25.69
2026-06-18 21:03, success, 28.54
2026-06-18 21:31, success, 21.79
2026-06-18 22:00, success, 21.87
2026-06-18 22:02, success, 19.97
2026-06-18 22:31, success, 24.92
2026-06-18 23:00, success, 20.53
2026-06-18 23:02, success, 30.34
2026-06-18 23:31, success, 23.02
2026-06-19 00:00, success, 20.07
2026-06-19 00:02, success, 21.18
2026-06-19 00:31, success, 27.48
2026-06-19 01:00, success, 30.28
2026-06-19 01:02, success, 28.00
2026-06-19 01:31, success, 24.75
2026-06-19 02:01, success, 83.86
2026-06-19 02:03, success, 45.05
2026-06-19 02:31, success, 31.20
2026-06-19 03:00, success, 30.27
2026-06-19 03:02, success, 37.80
2026-06-19 03:31, success, 25.23
2026-06-19 04:00, success, 19.78
2026-06-19 04:02, success, 25.10
2026-06-19 04:31, success, 34.99
2026-06-19 05:00, success, 19.71
2026-06-19 05:02, success, 20.31
2026-06-19 05:31, success, 19.98
2026-06-19 06:00, success, 28.03
2026-06-19 06:03, success, 44.93
2026-06-19 06:31, success, 34.31
2026-06-19 07:00, success, 24.26
2026-06-19 07:03, success, 25.66
2026-06-19 07:31, success, 25.38
2026-06-19 08:00, success, 29.38
2026-06-19 08:02, success, 24.29
2026-06-19 08:30, success, 19.01
2026-06-19 09:00, success, 20.21
2026-06-19 09:02, success, 21.13
2026-06-19 09:31, success, 22.99
2026-06-19 10:00, success, 23.07
2026-06-19 10:01, success, 19.51
2026-06-19 10:31, success, 21.25
2026-06-19 11:00, success, 22.23
2026-06-19 11:02, success, 21.15
2026-06-19 11:31, success, 36.57
2026-06-19 12:00, success, 20.31
2026-06-19 12:02, success, 21.11
2026-06-19 12:31, success, 19.88
2026-06-19 13:00, success, 19.73
2026-06-19 13:02, failed, 32.62
2026-06-19 13:31, success, 24.23
2026-06-19 14:00, success, 25.78
2026-06-19 14:02, success, 24.10
2026-06-19 14:31, success, 23.47
2026-06-19 15:00, success, 39.84
2026-06-19 15:03, success, 46.12
2026-06-19 15:30, success, 20.03
2026-06-19 16:00, success, 20.05
2026-06-19 16:03, failed, 50.10
2026-06-19 16:31, failed, 46.46
2026-06-19 17:00, success, 29.47
2026-06-19 17:02, success, 21.71
2026-06-19 17:31, success, 40.27
2026-06-19 18:01, success, 28.39
2026-06-19 18:05, success, 53.77
2026-06-19 18:33, success, 32.60
2026-06-19 18:59, success, 19.96
2026-06-19 19:02, success, 23.44
2026-06-19 19:31, success, 49.32
2026-06-19 20:00, success, 24.83
2026-06-19 20:02, success, 32.06
2026-06-19 20:31, success, 36.02
2026-06-19 21:01, success, 56.85
2026-06-19 21:03, success, 22.04
2026-06-19 21:31, success, 40.03
2026-06-19 22:00, success, 30.88
2026-06-19 22:02, success, 27.25
2026-06-19 22:31, success, 28.72
2026-06-19 23:00, success, 36.03
2026-06-19 23:03, success, 41.43
2026-06-19 23:31, success, 32.95
2026-06-20 00:01, success, 44.93
2026-06-20 00:03, success, 24.55
2026-06-20 00:31, success, 26.04
2026-06-20 01:00, success, 37.58
2026-06-20 01:02, success, 29.76
2026-06-20 01:31, success, 31.48
2026-06-20 02:00, success, 31.14
2026-06-20 02:02, success, 26.01
2026-06-20 02:30, unknown, 
2026-06-20 03:01, success, 80.17
2026-06-20 03:04, failed, 86.05
2026-06-20 03:32, success, 59.94
2026-06-20 04:00, success, 45.90
2026-06-20 04:03, success, 59.95
2026-06-20 04:31, success, 44.31
2026-06-20 05:03, success, 30.81
2026-06-20 05:05, success, 41.94
2026-06-20 05:31, success, 27.33
2026-06-20 06:00, success, 25.71
2026-06-20 06:02, success, 21.88
2026-06-20 06:31, success, 21.21
2026-06-20 07:00, success, 19.64
2026-06-20 07:02, success, 30.45
2026-06-20 07:31, success, 21.67
2026-06-20 08:00, success, 31.35
2026-06-20 08:02, success, 24.75
2026-06-20 08:31, success, 25.77
2026-06-20 09:00, success, 36.69
2026-06-20 09:05, success, 34.31
2026-06-20 09:34, success, 30.88
2026-06-20 10:02, success, 52.03
2026-06-20 10:05, success, 21.48
2026-06-20 10:33, success, 34.51
2026-06-20 11:00, success, 23.11
2026-06-20 11:04, success, 25.83
2026-06-20 11:31, success, 42.89
2026-06-20 12:01, success, 35.07
2026-06-20 12:03, success, 24.36
2026-06-20 12:31, success, 27.92
2026-06-20 13:00, success, 31.92
2026-06-20 13:02, success, 32.17
2026-06-20 13:31, success, 33.14
2026-06-20 14:00, success, 32.55
2026-06-20 14:02, success, 25.77
2026-06-20 14:31, success, 31.68
2026-06-20 15:03, success, 39.03
2026-06-20 15:08, success, 32.68
2026-06-20 15:31, success, 18.75
2026-06-20 15:59, success, 18.13
2026-06-20 16:02, success, 18.31
2026-06-20 16:32, success, 54.42
2026-06-20 17:00, success, 28.33
2026-06-20 17:02, success, 27.61
2026-06-20 17:31, success, 21.56
2026-06-20 18:00, success, 24.35
2026-06-20 18:02, success, 25.11
2026-06-20 18:31, success, 45.17
2026-06-20 19:00, success, 39.33
2026-06-20 19:03, success, 38.22
2026-06-20 19:31, success, 26.21
2026-06-20 20:00, success, 22.82
2026-06-20 20:02, success, 20.03
2026-06-20 20:31, success, 22.77
2026-06-20 21:00, success, 26.54
2026-06-20 21:03, success, 22.61
2026-06-20 21:31, success, 25.85
2026-06-20 22:00, success, 33.11
2026-06-20 22:03, success, 40.46
2026-06-20 22:31, success, 38.51
2026-06-20 23:00, success, 40.37
2026-06-20 23:04, success, 35.02
2026-06-20 23:32, failed, 107.08
2026-06-21 00:01, success, 34.25
2026-06-21 00:04, success, 43.69
2026-06-21 00:31, success, 21.25
2026-06-21 01:00, success, 23.45
2026-06-21 01:02, success, 26.28
2026-06-21 01:31, success, 21.27
2026-06-21 02:00, success, 18.72
2026-06-21 02:02, success, 27.33
2026-06-21 02:31, success, 44.11
2026-06-21 03:00, success, 28.09
2026-06-21 03:03, success, 27.63
2026-06-21 03:31, success, 54.06
2026-06-21 04:00, success, 20.32
2026-06-21 04:02, success, 24.19
2026-06-21 04:31, success, 24.26
2026-06-21 05:00, success, 30.33
2026-06-21 05:02, success, 27.87
2026-06-21 05:31, success, 30.40
2026-06-21 06:00, success, 31.35
2026-06-21 06:07, failed, 121.67
2026-06-21 06:31, success, 20.27
2026-06-21 07:00, success, 42.56
2026-06-21 07:02, success, 25.09
2026-06-21 07:31, success, 24.77
2026-06-21 08:00, success, 23.57
2026-06-21 08:02, success, 21.31
2026-06-21 08:31, success, 27.29
2026-06-21 09:00, success, 21.44
2026-06-21 09:02, success, 24.83
2026-06-21 09:32, success, 25.33
2026-06-21 09:59, unknown, 
2026-06-21 10:02, success, 48.04
2026-06-21 10:31, success, 46.89
2026-06-21 11:01, success, 66.06
2026-06-21 11:04, success, 53.19
2026-06-21 11:31, success, 57.65
2026-06-21 12:00, success, 32.54
2026-06-21 12:02, success, 28.47
2026-06-21 12:31, success, 26.04
2026-06-21 13:00, success, 27.45
2026-06-21 13:02, success, 26.50
2026-06-21 13:31, success, 24.99
2026-06-21 14:00, success, 25.72
2026-06-21 14:02, success, 21.09
2026-06-21 14:31, success, 21.86
2026-06-21 15:00, success, 42.12
2026-06-21 15:02, success, 29.47
2026-06-21 15:31, success, 29.02
2026-06-21 16:00, success, 29.71
2026-06-21 16:02, success, 25.84
2026-06-21 16:31, success, 29.24
2026-06-21 17:00, success, 29.88
2026-06-21 17:02, success, 44.59
2026-06-21 17:31, success, 37.75
2026-06-21 18:00, success, 34.27
2026-06-21 18:03, success, 48.75
2026-06-21 18:31, success, 21.97
2026-06-21 19:00, success, 26.31
2026-06-21 19:02, success, 30.48
2026-06-21 19:31, success, 31.44
2026-06-21 20:00, success, 25.20
2026-06-21 20:03, success, 23.88
2026-06-21 20:31, success, 23.43
2026-06-21 21:00, success, 39.75
2026-06-21 21:02, success, 29.68
2026-06-21 21:31, success, 21.10
2026-06-21 22:00, success, 30.60
2026-06-21 22:02, success, 31.55
2026-06-21 22:31, success, 38.96
2026-06-21 23:00, success, 32.76
2026-06-21 23:02, success, 36.86
2026-06-21 23:32, success, 43.99
2026-06-22 00:00, success, 48.32
2026-06-22 00:03, success, 30.72
2026-06-22 00:31, success, 31.37
2026-06-22 01:00, success, 33.86
2026-06-22 01:02, success, 33.56
2026-06-22 01:31, success, 38.73
2026-06-22 02:00, success, 29.47
2026-06-22 02:02, success, 41.11
2026-06-22 02:31, success, 31.72
2026-06-22 03:00, success, 28.49
2026-06-22 03:02, success, 21.26
2026-06-22 03:31, success, 41.97
2026-06-22 04:00, success, 33.01
2026-06-22 04:03, success, 26.12
2026-06-22 04:31, success, 21.26
2026-06-22 05:01, success, 91.68
2026-06-22 05:04, success, 20.38
2026-06-22 05:31, success, 27.10
2026-06-22 06:00, success, 30.68
2026-06-22 06:01, failed, 
2026-06-22 06:31, success, 46.45
2026-06-22 07:00, success, 44.49
2026-06-22 07:03, success, 29.72
2026-06-22 07:31, success, 24.28
2026-06-22 08:00, success, 27.96
2026-06-22 08:02, success, 24.81
2026-06-22 08:31, success, 31.56
2026-06-22 09:00, success, 23.43
2026-06-22 09:02, success, 25.73
2026-06-22 09:31, success, 24.82
2026-06-22 09:51, success, 22.70
2026-06-22 11:19, success, 91.92
2026-06-22 11:46, success, 62.85
2026-06-22 12:39, success, 22.11
2026-07-30 08:55, unknown, 
2026-08-03 09:54, failed, 
2026-08-03 10:45, failed, 
2026-08-03 11:33, success, 74.10
2026-08-03 13:20, success, 39.97
2026-08-03 16:08, unknown, 
2026-08-03 18:06, success, 40.95
2026-08-03 19:55, success, 26.72
2026-08-03 21:20, success, 20.52
2026-08-03 22:39, success, 23.08
2026-08-03 23:49, success, 24.26
2026-08-04 03:35, success, 40.73
2026-08-04 06:16, success, 87.21
2026-08-04 09:30, failed, 
2026-08-04 11:48, unknown, 
2026-08-04 14:37, unknown, 
2026-08-04 16:30, unknown, 
2026-08-04 18:17, unknown, 
2026-08-04 20:12, unknown, 
2026-08-04 21:53, unknown, 
2026-08-04 23:17, unknown, 
2026-08-05 01:02, unknown, 
2026-08-05 04:26, unknown, 
2026-08-05 07:21, unknown, 
2026-08-05 10:15, unknown, 
2026-08-05 12:26, unknown, 
2026-08-05 15:00, unknown, 
2026-08-05 16:50, unknown, 
2026-08-05 18:47, unknown, 
2026-08-05 20:38, unknown, 
2026-08-05 21:56, unknown, 
2026-08-05 23:17, unknown, 
2026-08-06 01:02, unknown, 
2026-08-06 04:28, unknown, 
2026-08-06 07:23, unknown, 
2026-08-06 10:16, unknown, 
2026-08-06 12:29, unknown, 
2026-08-06 14:59, unknown, 
2026-08-07 00:44, unknown, 
2026-08-07 04:03, unknown, 
2026-08-07 05:48, unknown, 
2026-08-07 07:39, unknown, 
2026-08-07 08:39, unknown, 
2026-08-07 10:09, unknown, 
2026-08-07 11:07, unknown, 
2026-08-07 11:57, unknown, 
2026-08-07 13:35, unknown, 
2026-08-07 14:38, unknown, 
2026-08-07 15:36, unknown, 
2026-08-07 16:33, unknown, 
2026-08-07 17:30, unknown, 
2026-08-07 18:28, unknown, 
2026-08-07 19:37, unknown, 
2026-08-07 20:22, unknown, 
2026-08-07 21:21, unknown, 
2026-08-07 22:16, unknown, 
2026-08-07 23:16, unknown, 
2026-08-08 00:04, unknown, 
2026-08-08 02:19, unknown, 
2026-08-08 03:56, unknown, 
2026-08-08 05:08, unknown, 
2026-08-08 05:57, unknown, 
2026-08-08 07:11, unknown, 
2026-08-08 08:19, unknown, 
2026-08-08 09:20, unknown, 
2026-08-08 10:06, unknown, 
2026-08-08 10:49, unknown, 
2026-08-08 11:39, unknown, 
2026-08-08 13:10, unknown, 
2026-08-08 14:16, unknown, 
2026-08-08 15:02, unknown, 
2026-08-08 15:43, unknown, 
2026-08-08 16:49, unknown, 
2026-08-08 17:44, unknown, 
2026-08-08 18:55, unknown, 
2026-08-08 19:42, unknown, 
2026-08-08 20:46, unknown, 
2026-08-08 21:43, unknown, 
2026-08-08 22:44, unknown, 
2026-08-08 23:41, unknown, 
2026-08-09 02:26, unknown, 
2026-08-09 04:03, unknown, 
2026-08-09 05:16, unknown, 
2026-08-09 06:26, unknown, 
2026-08-09 07:39, unknown, 
2026-08-09 08:59, unknown, 
2026-08-09 09:53, unknown, 
2026-08-09 10:50, unknown, 
2026-08-09 11:41, unknown, 
2026-08-09 13:13, unknown, 
2026-08-09 14:18, unknown, 
2026-08-09 15:04, unknown, 
2026-08-09 15:44, unknown, 
2026-08-09 16:51, unknown, 
2026-08-09 17:45, unknown, 
2026-08-09 18:58, unknown, 
2026-08-09 19:46, unknown, 
2026-08-09 20:49, unknown, 
2026-08-09 21:45, unknown, 
2026-08-09 22:47, unknown, 
2026-08-09 23:44, unknown, 
2026-08-10 02:31, unknown, 
2026-08-10 04:16, unknown, 
2026-08-10 06:00, unknown, 
2026-08-10 08:01, unknown, 
2026-08-10 09:45, unknown, 
2026-08-10 11:19, unknown, 
2026-08-10 12:29, unknown, 
2026-08-10 14:04, unknown, 
2026-08-10 15:14, unknown, 
2026-08-10 16:29, unknown, 
2026-08-10 17:33, unknown, 
2026-08-10 18:30, unknown, 
2026-08-10 19:40, unknown, 
2026-08-10 20:58, unknown, 
2026-08-10 21:55, unknown, 
2026-08-10 22:54, unknown, 
2026-08-10 23:48, unknown, 
2026-08-11 02:24, unknown, 
2026-08-11 04:05, unknown, 
2026-08-11 05:21, unknown, 
2026-08-11 06:32, unknown, 
2026-08-11 07:51, unknown, 
2026-08-11 09:12, unknown, 
2026-08-11 10:31, unknown, 
2026-08-11 11:27, unknown, 
2026-08-11 12:27, unknown, 
2026-08-11 14:04, unknown, 
2026-08-11 15:14, unknown, 
2026-08-11 16:31, unknown, 
2026-08-11 17:37, unknown, 
2026-08-11 18:35, unknown, 
2026-08-11 19:44, unknown, 
2026-08-11 21:01, unknown, 
2026-08-11 22:01, unknown, 
2026-08-11 22:59, unknown, 
2026-08-11 23:56, unknown, 
2026-08-12 02:41, unknown, 
2026-08-12 04:58, unknown, 
2026-08-12 06:40, unknown, 
2026-08-12 08:38, unknown, 
2026-08-12 09:11, success, 29.33
2026-08-12 09:51, success, 33.04
2026-08-12 11:14, success, 39.72
2026-08-12 12:34, success, 56.79
2026-08-12 14:10, success, 53.73
2026-08-12 15:17, success, 47.12
2026-08-12 16:37, success, 32.65
2026-08-12 17:43, success, 29.45
2026-08-12 18:41, success, 26.80
2026-08-12 19:52, success, 24.73
2026-08-12 21:06, success, 105.11
2026-08-12 22:04, success, 21.76
2026-08-12 23:04, failed, 153.81
2026-08-13 00:00, success, 32.55
2026-08-13 02:48, success, 20.64
2026-08-13 05:06, success, 26.16
2026-08-13 06:46, success, 40.82
2026-08-13 08:47, failed, 71.93
2026-08-13 10:25, success, 80.57
2026-08-13 11:31, success, 56.63
2026-08-13 12:36, success, 65.21
2026-08-13 14:11, success, 55.61
2026-08-13 15:14, unknown, 
2026-08-13 16:36, success, 26.86
2026-08-13 17:43, success, 28.26
2026-08-13 18:42, success, 28.15
2026-08-13 19:49, success, 31.74
2026-08-13 21:00, unknown, 
2026-08-13 22:04, success, 30.42
2026-08-13 23:04, success, 68.90
2026-08-14 00:00, success, 44.46
2026-08-14 02:47, success, 56.45
2026-08-14 05:03, success, 48.76
2026-08-14 06:44, success, 56.06
2026-08-14 08:40, success, 28.91
2026-08-14 09:47, success, 47.48
2026-08-14 11:12, success, 91.99
2026-08-14 12:02, success, 69.50
2026-08-14 13:42, success, 47.44
2026-08-14 14:44, success, 44.03
2026-08-14 15:36, failed, 74.42
2026-08-14 16:30, failed, 
2026-08-14 17:41, success, 44.81
2026-08-14 18:36, success, 42.22
2026-08-14 19:40, success, 48.66
2026-08-14 20:18, success, 44.10
2026-08-14 21:07, success, 101.14
2026-08-14 21:43, success, 125.30
2026-08-14 22:04, success, 77.18
2026-08-14 22:42, success, 59.10
2026-08-14 23:04, success, 51.77
2026-08-14 23:40, failed, 117.76
2026-08-15 00:03, success, 82.49
2026-08-15 01:51, success, 24.20
2026-08-15 03:07, success, 47.34
2026-08-15 03:56, success, 49.00
2026-08-15 04:49, success, 39.24
2026-08-15 05:42, success, 30.05
2026-08-15 06:00, unknown, 
2026-08-15 07:01, success, 48.82
2026-08-15 07:46, success, 45.55
2026-08-15 08:48, success, 96.78
2026-08-15 09:42, success, 105.16
2026-08-15 10:04, success, 133.98
2026-08-15 10:41, success, 40.84
2026-08-15 11:02, success, 33.58
2026-08-15 11:37, success, 47.34
2026-08-15 11:59, success, 30.43
2026-08-15 13:00, success, 24.15
2026-08-15 13:46, success, 80.06
2026-08-15 14:41, success, 57.39
2026-08-15 15:04, success, 129.65
2026-08-15 15:37, success, 49.27
2026-08-15 15:59, success, 72.40
2026-08-15 16:42, success, 53.00
2026-08-15 17:04, success, 38.33
2026-08-15 17:39, success, 137.39
2026-08-15 18:00, success, 49.72
2026-08-15 18:51, success, 86.90
2026-08-15 19:36, success, 34.34
2026-08-15 19:57, success, 47.42
2026-08-15 20:40, success, 43.94
2026-08-15 21:03, success, 40.04
2026-08-15 21:37, success, 38.18
2026-08-15 21:59, success, 31.35
2026-08-15 22:40, success, 44.47
2026-08-15 23:03, success, 131.45
2026-08-15 23:38, success, 101.03
2026-08-15 23:59, success, 26.92
2026-08-16 02:00, success, 69.10
2026-08-16 03:15, success, 40.70
2026-08-16 04:23, success, 29.87
2026-08-16 05:09, success, 31.49
2026-08-16 05:44, success, 43.91
2026-08-16 07:01, success, 28.91
2026-08-16 07:46, success, 13.71
2026-08-16 08:49, success, 23.10
2026-08-16 09:42, success, 26.33
2026-08-16 10:04, success, 28.17
2026-08-16 10:41, success, 37.16
2026-08-16 11:04, success, 71.10
2026-08-16 11:36, success, 37.88
2026-08-16 12:00, success, 60.13
2026-08-16 13:04, success, 103.76
2026-08-16 13:47, success, 48.14
2026-08-16 14:40, success, 34.81
2026-08-16 15:02, success, 31.36
2026-08-16 15:38, success, 35.33
2026-08-16 16:00, success, 40.94
2026-08-16 16:44, success, 37.70
2026-08-16 17:36, success, 30.47
2026-08-16 17:58, success, 31.08
2026-08-16 18:50, success, 58.30
2026-08-16 19:36, success, 42.91
2026-08-16 19:57, success, 54.74
2026-08-16 20:40, success, 46.80
2026-08-16 20:57, unknown, 
2026-08-16 21:37, success, 42.46
2026-08-16 21:59, success, 44.44
2026-08-16 22:39, success, 53.44
2026-08-16 23:00, success, 41.91
2026-08-16 23:37, success, 47.23
2026-08-16 23:58, success, 30.61
2026-08-17 01:57, success, 42.29
2026-08-17 03:15, success, 30.26
2026-08-17 04:28, success, 36.81
2026-08-17 05:24, failed, 
2026-08-17 06:09, success, 56.91
2026-08-17 07:19, success, 60.05
2026-08-17 08:28, failed, 104.24
2026-08-17 09:28, success, 84.86
2026-08-17 10:16, success, 27.67
2026-08-17 11:01, unknown, 
2026-08-17 11:41, success, 32.79
2026-08-17 12:04, success, 66.52
2026-08-17 13:08, success, 38.17
2026-08-17 13:55, failed, 76.08
2026-08-17 14:46, success, 56.87
2026-08-17 15:41, success, 33.93
2026-08-17 16:03, success, 45.11
2026-08-17 16:48, success, 44.54
2026-08-17 17:48, success, 138.39
2026-08-17 19:00, success, 66.03
2026-08-17 19:44, success, 95.02
2026-08-17 20:06, failed, 171.93
2026-08-17 20:45, success, 52.54
2026-08-17 21:37, unknown, 
2026-08-17 22:04, success, 43.98
2026-08-17 22:37, unknown, 
2026-08-17 22:59, unknown, 
2026-08-17 23:34, unknown, 
2026-08-18 00:01, success, 58.56
2026-08-18 01:53, success, 50.21
2026-08-18 03:11, success, 49.63
2026-08-18 04:02, success, 61.33
2026-08-18 04:53, success, 44.72
2026-08-18 05:47, success, 37.52
2026-08-18 07:07, success, 136.92
2026-08-18 07:56, success, 73.32
2026-08-18 08:57, success, 84.29
2026-08-18 09:51, success, 57.68
2026-08-18 10:49, success, 59.15
2026-08-18 11:41, success, 32.89
2026-08-18 12:04, success, 29.15
2026-08-18 13:09, success, 21.50
2026-08-18 13:59, success, 26.30
2026-08-18 14:54, success, 35.11
2026-08-18 15:48, success, 32.57
2026-08-18 16:51, success, 29.66
2026-08-18 17:42, failed, 
2026-08-18 18:58, success, 24.85
2026-08-18 19:41, success, 29.44
2026-08-18 20:01, success, 28.66
2026-08-18 20:42, success, 41.53
2026-08-18 21:04, success, 43.26
2026-08-18 21:40, success, 32.47
2026-08-18 22:01, success, 29.27
2026-08-18 22:43, success, 32.57
2026-08-18 23:06, success, 59.01
2026-08-18 23:38, success, 29.63
2026-08-19 00:00, success, 36.60
2026-08-19 01:56, success, 99.19
2026-08-19 03:13, success, 30.77
2026-08-19 04:04, success, 33.00
2026-08-19 04:53, success, 40.31
2026-08-19 05:49, success, 84.75
2026-08-19 07:08, success, 61.37
2026-08-19 07:56, success, 56.67
2026-08-19 08:57, success, 58.17
2026-08-19 09:51, success, 23.32
2026-08-19 10:48, success, 36.09
2026-08-19 11:42, success, 55.87
2026-08-19 12:05, success, 52.90
2026-08-19 13:12, success, 117.31
2026-08-19 14:00, success, 36.31
2026-08-19 14:55, success, 29.22
2026-08-19 15:48, success, 33.17
2026-08-19 16:49, success, 37.77
2026-08-19 17:42, success, 40.74
2026-08-19 18:03, success, 35.06
2026-08-19 18:56, success, 55.41
2026-08-19 19:41, success, 55.27
2026-08-19 20:02, success, 47.51
2026-08-19 20:47, success, 43.41
2026-08-19 21:42, success, 55.67
2026-08-19 22:05, success, 42.44
2026-08-19 22:41, failed, 134.53
2026-08-19 23:05, success, 41.90
2026-08-19 23:39, success, 52.21
2026-08-20 00:01, success, 61.60
2026-08-20 01:54, success, 66.71
2026-08-20 03:13, success, 49.42
2026-08-20 03:58, unknown, 
2026-08-20 04:50, unknown, 
2026-08-20 05:49, success, 45.95
2026-08-20 07:09, success, 50.04
2026-08-20 07:59, success, 78.46
2026-08-20 08:58, success, 56.98
2026-08-20 09:54, failed, 146.95
2026-08-20 10:49, success, 49.76
2026-08-20 11:43, success, 40.83
2026-08-20 12:08, success, 88.51
2026-08-20 13:14, success, 74.74
2026-08-20 14:06, success, 132.91
2026-08-20 14:54, failed, 
2026-08-20 15:51, success, 36.64
2026-08-20 16:53, success, 25.41
2026-08-20 17:47, success, 40.92
2026-08-20 19:01, success, 40.96
2026-08-20 19:48, success, 58.80
2026-08-20 20:49, success, 103.57
2026-08-20 21:42, failed, 91.01
2026-08-20 22:49, success, 144.12
2026-08-20 23:42, success, 37.78
2026-08-21 00:04, success, 31.28
2026-08-21 01:59, success, 26.64
2026-08-21 03:19, success, 71.06
2026-08-21 04:26, success, 59.09
2026-08-21 05:20, success, 70.38
2026-08-21 06:02, unknown, 
2026-08-21 07:09, success, 44.80
2026-08-21 07:59, success, 38.68
2026-08-21 08:55, unknown, 
2026-08-21 09:57, success, 143.87
2026-08-21 10:50, success, 72.42
2026-08-21 11:42, success, 52.54
2026-08-21 12:03, failed, 
2026-08-21 13:10, failed, 
2026-08-21 14:03, success, 47.63
2026-08-21 14:56, success, 45.72
2026-08-21 15:49, failed, 
2026-08-21 16:54, failed, 85.02
2026-08-21 17:46, success, 38.19
2026-08-21 18:58, success, 52.43
2026-08-21 19:41, success, 94.99
2026-08-21 20:01, success, 120.46
2026-08-21 20:42, success, 45.92
2026-08-21 21:04, success, 41.36
2026-08-21 21:41, success, 50.54
2026-08-21 22:03, success, 50.67
2026-08-21 22:41, failed, 
2026-08-21 23:05, success, 39.39
2026-08-21 23:37, failed, 
2026-08-22 00:04, success, 77.39
2026-08-22 01:52, success, 46.11
2026-08-22 03:11, failed, 125.10
2026-08-22 03:59, success, 40.25
2026-08-22 04:51, success, 41.25
2026-08-22 05:43, success, 45.11
2026-08-22 06:06, success, 33.06
2026-08-22 07:01, success, 16.78
2026-08-22 07:47, success, 19.73
2026-08-22 08:50, success, 95.66
2026-08-22 09:42, success, 34.49
2026-08-22 10:04, success, 50.72
2026-08-22 10:41, success, 34.37
2026-08-22 11:03, success, 43.54
2026-08-22 11:35, failed, 
2026-08-22 12:01, success, 66.28
2026-08-22 13:03, success, 86.83
2026-08-22 13:47, success, 57.26
2026-08-22 14:41, success, 98.12
2026-08-22 15:02, success, 51.01
2026-08-22 15:38, success, 73.37
2026-08-22 15:58, failed, 
2026-08-22 16:42, success, 48.82
2026-08-22 17:04, success, 52.74
2026-08-22 17:39, failed, 124.85
2026-08-22 17:57, failed, 
2026-08-22 18:52, success, 54.08
2026-08-22 19:39, failed, 185.51
2026-08-22 19:59, success, 73.94
2026-08-22 20:37, unknown, 
2026-08-22 21:04, success, 77.45
2026-08-22 21:39, success, 73.92
2026-08-22 22:00, success, 45.07
2026-08-22 22:40, failed, 58.22
2026-08-22 23:02, success, 37.10
2026-08-22 23:38, success, 70.46
2026-08-23 00:01, success, 101.70
2026-08-23 02:03, success, 67.04
2026-08-23 03:18, success, 67.35
2026-08-23 04:26, success, 60.70
2026-08-23 05:12, failed, 119.44
2026-08-23 05:48, success, 77.31
2026-08-23 07:03, success, 80.43
2026-08-23 07:50, success, 87.08
2026-08-23 08:51, success, 83.86
2026-08-23 09:44, success, 50.93
2026-08-23 10:41, success, 41.87
2026-08-23 11:01, failed, 
2026-08-23 11:38, success, 71.45
2026-08-23 12:03, success, 182.09
2026-08-23 13:02, failed, 
2026-08-23 13:46, success, 83.47
2026-08-23 14:42, success, 82.99
2026-08-23 15:04, success, 82.20
2026-08-23 15:39, success, 61.35
2026-08-23 16:00, success, 51.19
2026-08-23 16:44, success, 34.21
2026-08-23 17:40, failed, 241.52
2026-08-23 17:59, success, 41.07
2026-08-23 18:51, success, 36.88
2026-08-23 19:36, success, 35.69
2026-08-23 19:59, success, 55.41
2026-08-23 20:41, success, 48.41
2026-08-23 21:03, success, 45.66
2026-08-23 21:38, success, 33.98
2026-08-23 22:02, success, 143.07
2026-08-23 22:41, success, 60.84
2026-08-23 23:01, success, 32.63
2026-08-23 23:38, success, 41.27
2026-08-24 00:00, success, 59.09
2026-08-24 02:01, success, 73.54
2026-08-24 03:20, success, 122.37
2026-08-24 04:31, success, 98.17
2026-08-24 05:28, success, 43.94
2026-08-24 06:13, success, 62.61
2026-08-24 07:25, success, 46.49
2026-08-24 08:30, success, 55.65
2026-08-24 09:28, unknown, 
2026-08-24 10:26, success, 73.75
2026-08-24 11:11, success, 81.91
2026-08-24 11:47, success, 59.96
2026-08-24 13:15, success, 56.95
2026-08-24 14:28, success, 45.21
2026-08-24 15:25, success, 45.25
2026-08-24 16:08, unknown, 
2026-08-24 16:59, success, 56.37
2026-08-24 17:49, success, 69.36
2026-08-24 19:02, success, 75.67
2026-08-24 19:46, success, 87.25
2026-08-24 20:50, success, 26.50
2026-08-24 21:46, success, 52.80
2026-08-24 22:45, success, 31.43
2026-08-24 23:37, success, 29.56
2026-08-25 00:00, success, 42.72
2026-08-25 01:54, success, 36.17
2026-08-25 03:15, success, 46.85
2026-08-25 04:27, success, 101.78
2026-08-25 05:21, success, 77.11
2026-08-25 06:08, success, 91.39
2026-08-25 07:11, success, 57.10
2026-08-25 08:02, success, 56.69
2026-08-25 09:00, success, 45.61
2026-08-25 09:54, success, 55.26
2026-08-25 10:51, success, 38.18
2026-08-25 11:42, success, 102.63
2026-08-25 13:11, success, 64.69
2026-08-25 14:06, success, 41.24
2026-08-25 15:01, unknown, 
2026-08-25 16:00, success, 62.70
2026-08-25 16:56, success, 46.18
2026-08-25 17:48, success, 58.51
2026-08-25 18:57, success, 64.48
2026-08-25 19:45, success, 39.56
2026-08-25 20:45, success, 52.57
2026-08-25 21:43, success, 78.29
2026-08-25 22:45, success, 74.52
2026-08-25 23:35, unknown, 
2026-08-26 00:00, success, 85.60
2026-08-26 01:59, success, 86.47
2026-08-26 03:18, success, 87.97
2026-08-26 04:23, failed, 51.76
2026-08-26 05:19, failed, 132.10
2026-08-26 06:08, failed, 117.72
2026-08-26 07:09, success, 84.33
2026-08-26 08:00, success, 72.51
2026-08-26 09:01, success, 78.82
2026-08-26 09:56, success, 41.32
2026-08-26 10:51, success, 33.63
2026-08-26 11:44, success, 117.57
2026-08-26 13:15, success, 52.72
2026-08-26 14:26, success, 92.64
2026-08-26 16:04, unknown, 
2026-08-26 16:59, success, 56.30
2026-08-26 19:20, success, 91.25
2026-08-26 22:31, success, 33.83
2026-08-27 03:36, failed, 120.70
2026-08-27 14:41, success, 78.54
2026-08-28 00:03, failed, 
2026-08-28 11:21, success, 68.45
2026-08-28 21:33, success, 50.71
2026-08-29 03:27, success, 137.43
2026-08-29 10:27, success, 40.28
2026-08-29 15:22, success, 98.01
2026-08-29 18:53, success, 112.69
2026-08-29 21:44, success, 43.00
2026-08-30 00:19, success, 48.33
2026-08-30 05:51, success, 131.95
2026-08-30 11:54, success, 88.35
2026-08-30 16:38, unknown, 
2026-08-30 19:30, success, 100.45
2026-08-30 22:05, success, 70.85
2026-08-31 00:35, success, 29.85
2026-08-31 06:09, failed, 39.35
2026-08-31 13:54, success, 143.11
2026-08-31 20:05, success, 32.83
2026-08-31 23:53, success, 53.51
2026-09-01 05:06, success, 43.02
2026-09-01 10:02, unknown, 
2026-09-01 14:56, success, 82.23
2026-09-01 18:29, success, 48.38
2026-09-01 21:21, success, 27.97
2026-09-01 23:36, success, 36.90
2026-09-02 01:25, success, 51.83
2026-09-02 06:29, success, 15.65
2026-09-02 11:46, success, 136.48
2026-09-02 16:33, success, 23.95
2026-09-02 19:31, success, 29.76
2026-09-02 22:00, success, 59.85
2026-09-03 00:12, success, 36.80
2026-09-03 05:03, success, 23.94
2026-09-03 09:45, success, 23.49
2026-09-03 14:35, success, 43.53
2026-09-03 18:08, success, 54.66
2026-09-03 21:02, success, 40.24
2026-09-03 23:17, success, 58.93
2026-09-04 01:24, success, 37.41
2026-09-04 06:33, success, 24.08
2026-09-04 11:45, success, 20.24
2026-09-04 16:20, success, 51.20
2026-09-04 19:12, success, 44.34
2026-09-04 21:31, success, 72.28
2026-09-04 23:20, success, 48.07
2026-09-05 01:25, success, 59.83
2026-09-05 06:20, success, 24.25
2026-09-05 10:56, success, 36.51
2026-09-05 13:53, success, 82.34
2026-09-05 16:53, success, 35.06
2026-09-05 19:06, success, 58.21
2026-09-05 21:13, success, 24.19
2026-09-05 23:16, unknown, 
2026-09-06 01:21, success, 31.31
