2026-06-11 13:56, failed, 121.14
2026-06-11 14:38, unknown, 0.00
2026-06-11 15:07, failed, 121.80
2026-06-11 15:24, failed, 120.17
2026-06-11 15:35, success, 103.57
2026-06-11 15:45, success, 97.50
2026-06-11 15:52, success, 97.41
2026-06-11 16:13, success, 100.58
2026-06-11 16:46, success, 90.73
2026-06-11 17:06, success, 90.69
2026-06-11 17:31, success, 101.27
2026-06-11 17:38, success, 88.79
2026-06-11 18:02, success, 105.71
2026-06-11 18:32, success, 95.14
2026-06-11 19:00, success, 92.38
2026-06-11 19:31, success, 87.47
2026-06-11 20:00, failed, 103.15
2026-06-11 20:02, failed, 57.01
2026-06-11 20:31, success, 82.06
2026-06-11 20:59, failed, 71.52
2026-06-11 21:01, failed, 50.70
2026-06-11 21:31, success, 98.09
2026-06-11 22:01, success, 107.77
2026-06-11 22:03, success, 111.81
2026-06-11 22:31, failed, 82.43
2026-06-11 23:00, failed, 56.02
2026-06-11 23:02, failed, 57.12
2026-06-11 23:31, success, 96.41
2026-06-12 00:00, success, 99.48
2026-06-12 00:03, success, 97.66
2026-06-12 00:31, success, 90.55
2026-06-12 01:00, failed, 77.70
2026-06-12 01:01, unknown, 0.00
2026-06-12 01:33, failed, 242.34
2026-06-12 02:01, success, 99.49
2026-06-12 02:02, unknown, 0.00
2026-06-12 02:31, failed, 112.05
2026-06-12 03:00, success, 99.94
2026-06-12 03:03, success, 111.80
2026-06-12 03:31, success, 90.99
2026-06-12 04:00, success, 90.05
2026-06-12 04:02, success, 96.74
2026-06-12 04:31, success, 93.55
2026-06-12 05:00, success, 85.03
2026-06-12 05:05, failed, 240.20
2026-06-12 05:33, failed, 242.65
2026-06-12 05:59, unknown, 0.00
2026-06-12 06:05, failed, 242.33
2026-06-12 06:30, failed, 46.71
2026-06-12 06:59, unknown, 0.00
2026-06-12 07:01, unknown, 0.00
2026-06-12 07:30, failed, 46.69
2026-06-12 08:00, success, 91.40
2026-06-12 08:03, failed, 74.72
2026-06-12 08:31, success, 80.90
2026-06-12 09:00, success, 87.48
2026-06-12 09:03, success, 94.61
2026-06-12 09:31, success, 90.85
2026-06-12 10:00, success, 95.13
2026-06-12 10:03, failed, 82.47
2026-06-12 10:32, failed, 167.28
2026-06-12 10:59, failed, 49.77
2026-06-12 11:02, failed, 74.59
2026-06-12 11:31, success, 78.08
2026-06-12 11:59, success, 55.99
2026-06-12 12:02, success, 75.85
2026-06-12 12:31, success, 87.02
2026-06-12 12:59, failed, 43.56
2026-06-12 13:02, failed, 96.36
2026-06-12 13:31, success, 80.86
2026-06-12 14:00, success, 80.85
2026-06-12 14:02, success, 79.01
2026-06-12 14:31, success, 82.29
2026-06-12 15:00, success, 96.57
2026-06-12 15:02, unknown, 0.00
2026-06-12 15:22, success, 85.04
2026-06-12 15:30, failed, 46.96
2026-06-12 16:00, success, 87.00
2026-06-12 16:02, success, 98.01
2026-06-12 16:31, success, 87.13
2026-06-12 17:00, success, 83.97
2026-06-12 17:02, success, 83.88
2026-06-12 17:31, success, 90.12
2026-06-12 18:00, success, 83.97
2026-06-12 18:02, success, 87.46
2026-06-12 18:31, success, 79.29
2026-06-12 18:59, success, 74.63
2026-06-12 19:02, failed, 87.16
2026-06-12 19:31, success, 82.43
2026-06-12 20:00, success, 90.24
2026-06-12 20:03, success, 69.81
2026-06-12 20:30, unknown, 0.00
2026-06-12 21:00, failed, 90.13
2026-06-12 21:02, failed, 71.48
2026-06-12 21:30, failed, 46.68
2026-06-12 22:00, success, 85.64
2026-06-12 22:01, unknown, 0.00
2026-06-12 22:32, success, 148.87
2026-06-12 23:00, success, 86.94
2026-06-12 23:02, success, 90.60
2026-06-12 23:31, success, 84.27
2026-06-13 00:00, success, 91.49
2026-06-13 00:02, success, 86.99
2026-06-13 00:31, success, 97.22
2026-06-13 01:00, success, 91.61
2026-06-13 01:01, unknown, 0.00
2026-06-13 01:30, unknown, 0.00
2026-06-13 02:00, success, 95.26
2026-06-13 02:02, success, 85.68
2026-06-13 02:31, success, 90.21
2026-06-13 03:00, failed, 77.75
2026-06-13 03:02, failed, 75.97
2026-06-13 03:31, failed, 81.62
2026-06-13 03:59, success, 75.28
2026-06-13 04:02, success, 80.80
2026-06-13 04:31, success, 90.13
2026-06-13 05:00, success, 90.05
2026-06-13 05:02, success, 79.15
2026-06-13 05:31, success, 93.22
2026-06-13 06:00, success, 74.62
2026-06-13 06:01, unknown, 0.00
2026-06-13 06:31, success, 87.91
2026-06-13 07:00, success, 81.20
2026-06-13 07:02, success, 88.40
2026-06-13 07:31, success, 81.65
2026-06-13 07:59, failed, 53.20
2026-06-13 08:02, success, 94.46
2026-06-13 08:31, success, 87.19
2026-06-13 09:00, success, 87.48
2026-06-13 09:02, failed, 46.61
2026-06-13 09:30, failed, 43.62
2026-06-13 10:00, success, 85.29
2026-06-13 10:02, success, 82.07
2026-06-13 10:30, failed, 44.46
2026-06-13 10:59, failed, 43.58
2026-06-13 11:03, failed, 107.88
2026-06-13 11:31, failed, 77.59
2026-06-13 12:00, success, 93.16
2026-06-13 12:02, success, 91.81
2026-06-13 12:30, failed, 46.70
2026-06-13 13:00, success, 86.96
2026-06-13 13:02, failed, 50.58
2026-06-13 13:31, success, 86.01
2026-06-13 14:00, success, 81.92
2026-06-13 14:02, success, 78.76
2026-06-13 14:30, success, 68.46
2026-06-13 15:00, failed, 50.30
2026-06-13 15:01, unknown, 0.00
2026-06-13 15:31, success, 100.11
2026-06-13 15:59, success, 62.81
2026-06-13 16:02, success, 88.56
2026-06-13 16:31, success, 80.79
2026-06-13 17:00, success, 83.96
2026-06-13 17:02, success, 85.57
2026-06-13 17:31, success, 94.12
2026-06-13 18:00, success, 85.39
2026-06-13 18:02, success, 85.66
2026-06-13 18:31, success, 96.37
2026-06-13 19:00, success, 93.70
2026-06-13 19:02, success, 86.99
2026-06-13 19:31, success, 90.18
2026-06-13 20:00, success, 90.04
2026-06-13 20:02, success, 95.22
2026-06-13 20:31, success, 85.03
2026-06-13 21:00, failed, 95.18
2026-06-13 21:02, unknown, 0.00
2026-06-13 21:31, failed, 73.10
2026-06-13 22:00, failed, 78.18
2026-06-13 22:02, success, 84.40
2026-06-13 22:31, success, 83.98
2026-06-13 22:59, success, 77.60
2026-06-13 23:02, success, 82.35
2026-06-13 23:31, success, 75.00
2026-06-14 00:00, success, 79.34
2026-06-14 00:02, success, 85.18
2026-06-14 00:31, success, 87.05
2026-06-14 00:59, unknown, 0.00
2026-06-14 01:02, success, 87.10
2026-06-14 01:31, success, 91.95
2026-06-14 02:00, success, 71.51
2026-06-14 02:02, success, 91.86
2026-06-14 02:30, failed, 50.08
2026-06-14 03:00, success, 87.13
2026-06-14 03:03, success, 87.08
2026-06-14 03:31, success, 80.93
2026-06-14 04:00, success, 93.23
2026-06-14 04:02, success, 85.68
2026-06-14 04:31, success, 93.32
2026-06-14 05:00, success, 91.37
2026-06-14 05:02, success, 95.15
2026-06-14 05:31, success, 80.77
2026-06-14 06:00, success, 99.88
2026-06-14 06:03, success, 97.27
2026-06-14 06:31, success, 84.52
2026-06-14 07:00, success, 84.35
2026-06-14 07:02, success, 84.05
2026-06-14 07:31, success, 84.49
2026-06-14 08:00, failed, 87.11
2026-06-14 08:02, failed, 50.48
2026-06-14 08:30, failed, 50.79
2026-06-14 09:00, success, 90.10
2026-06-14 09:02, success, 96.27
2026-06-14 09:31, success, 87.54
2026-06-14 10:00, success, 90.82
2026-06-14 10:02, success, 83.87
2026-06-14 10:31, success, 90.20
2026-06-14 11:00, success, 90.29
2026-06-14 11:02, success, 93.30
2026-06-14 11:30, failed, 49.83
2026-06-14 12:00, success, 90.15
2026-06-14 12:02, success, 94.14
2026-06-14 12:31, success, 87.54
2026-06-14 13:00, success, 90.22
2026-06-14 13:02, success, 84.49
2026-06-14 13:31, success, 90.71
2026-06-14 14:00, success, 79.57
2026-06-14 14:02, success, 89.18
2026-06-14 14:31, success, 85.19
2026-06-14 15:00, success, 78.78
2026-06-14 15:02, success, 82.25
2026-06-14 15:30, success, 70.05
2026-06-14 16:00, failed, 68.43
2026-06-14 16:02, success, 93.71
2026-06-14 16:31, success, 88.71
2026-06-14 16:59, failed, 47.66
2026-06-14 17:05, failed, 241.12
2026-06-14 17:30, failed, 43.84
2026-06-14 18:01, success, 187.40
2026-06-14 18:05, failed, 171.00
2026-06-14 18:31, success, 93.24
2026-06-14 19:00, success, 77.93
2026-06-14 19:02, success, 74.56
2026-06-14 19:31, success, 93.26
2026-06-14 20:00, success, 95.09
2026-06-14 20:02, failed, 98.37
2026-06-14 20:31, success, 81.92
2026-06-14 20:59, failed, 63.30
2026-06-14 21:01, failed, 50.82
2026-06-14 21:30, unknown, 0.00
2026-06-14 22:00, success, 82.50
2026-06-14 22:02, success, 88.72
2026-06-14 22:31, success, 85.77
2026-06-14 23:00, success, 90.22
2026-06-14 23:02, success, 85.58
2026-06-14 23:31, success, 81.70
2026-06-15 00:00, success, 91.88
2026-06-15 00:02, success, 93.24
2026-06-15 00:31, success, 91.72
2026-06-15 01:00, success, 96.86
2026-06-15 01:02, success, 90.04
2026-06-15 01:30, failed, 57.02
2026-06-15 01:59, unknown, 0.00
2026-06-15 02:01, unknown, 0.00
2026-06-15 02:31, success, 99.46
2026-06-15 02:59, unknown, 0.00
2026-06-15 03:02, success, 88.28
2026-06-15 03:31, success, 95.18
2026-06-15 04:00, success, 96.96
2026-06-15 04:02, success, 84.40
2026-06-15 04:31, success, 88.79
2026-06-15 05:00, success, 93.15
2026-06-15 05:03, success, 78.14
2026-06-15 05:31, success, 99.36
2026-06-15 06:00, success, 90.16
2026-06-15 06:03, success, 98.07
2026-06-15 06:31, success, 90.20
2026-06-15 07:00, success, 87.17
2026-06-15 07:03, success, 118.02
2026-06-15 07:31, success, 87.04
2026-06-15 08:00, success, 88.25
2026-06-15 08:02, success, 87.05
2026-06-15 08:31, success, 87.36
2026-06-15 09:00, success, 78.82
2026-06-15 09:02, success, 88.79
2026-06-15 09:31, success, 84.43
2026-06-15 10:00, success, 65.96
2026-06-15 10:02, success, 88.20
2026-06-15 10:31, failed, 84.45
2026-06-15 11:00, success, 91.05
2026-06-15 11:03, failed, 77.65
2026-06-15 11:31, success, 91.34
2026-06-15 12:00, success, 91.88
2026-06-15 12:03, success, 93.95
2026-06-15 12:30, unknown, 0.00
2026-06-15 13:00, success, 74.96
2026-06-15 13:02, failed, 40.94
2026-06-15 13:31, failed, 96.36
2026-06-15 14:00, success, 82.43
2026-06-15 14:00, unknown, 0.00
2026-06-15 14:30, success, 77.73
2026-06-15 15:00, success, 79.48
2026-06-15 15:02, success, 79.12
2026-06-15 15:31, success, 84.30
2026-06-15 16:00, success, 74.72
2026-06-15 16:02, success, 77.63
2026-06-15 16:31, success, 71.39
2026-06-15 17:00, success, 72.81
2026-06-15 17:02, success, 77.72
2026-06-15 17:31, success, 79.48
2026-06-15 17:59, unknown, 0.00
2026-06-15 18:02, failed, 95.12
2026-06-15 18:31, failed, 78.08
2026-06-15 18:59, unknown, 0.00
2026-06-15 19:01, unknown, 0.00
2026-06-15 19:31, success, 77.97
2026-06-15 20:00, success, 81.36
2026-06-15 20:02, success, 78.23
2026-06-15 20:31, success, 85.02
2026-06-15 21:00, success, 71.50
2026-06-15 21:02, success, 85.55
2026-06-15 21:31, success, 80.89
2026-06-15 22:00, success, 74.65
2026-06-15 22:02, success, 66.62
2026-06-15 22:31, success, 83.89
2026-06-15 23:00, success, 93.73
2026-06-15 23:02, success, 93.15
2026-06-15 23:31, success, 83.91
2026-06-16 00:00, success, 78.66
2026-06-16 00:02, success, 77.79
2026-06-16 00:30, success, 65.90
2026-06-16 01:00, success, 74.60
2026-06-16 01:01, failed, 41.32
2026-06-16 01:31, success, 93.88
2026-06-16 02:00, failed, 80.68
2026-06-16 02:00, unknown, 0.00
2026-06-16 02:31, success, 75.94
2026-06-16 02:59, success, 66.33
2026-06-16 03:02, success, 78.74
2026-06-16 03:30, failed, 34.26
2026-06-16 03:59, success, 50.03
2026-06-16 04:02, success, 85.61
2026-06-16 04:31, success, 74.60
2026-06-16 05:00, success, 77.71
2026-06-16 05:02, success, 81.34
2026-06-16 05:31, success, 85.40
2026-06-16 06:00, success, 77.72
2026-06-16 06:01, unknown, 0.00
2026-06-16 06:31, success, 100.10
2026-06-16 07:00, success, 84.37
2026-06-16 07:02, success, 74.61
2026-06-16 07:30, unknown, 0.00
2026-06-16 07:58, unknown, 0.00
2026-06-16 08:01, unknown, 0.00
2026-06-16 08:31, success, 78.16
2026-06-16 09:02, failed, 240.84
2026-06-16 09:05, success, 79.23
2026-06-16 09:31, success, 65.20
2026-06-16 10:00, success, 78.44
2026-06-16 10:02, success, 90.66
2026-06-16 10:31, success, 65.28
2026-06-16 10:59, success, 59.68
2026-06-16 11:01, success, 65.33
2026-06-16 11:31, success, 59.32
2026-06-16 11:59, success, 65.30
2026-06-16 12:01, success, 65.28
2026-06-16 12:31, success, 60.18
2026-06-16 13:00, success, 62.20
2026-06-16 13:02, success, 63.47
2026-06-16 13:28, success, 63.44
2026-06-16 13:30, unknown, 0.00
2026-06-16 14:00, success, 62.09
2026-06-16 14:02, success, 65.33
2026-06-16 14:31, success, 59.01
2026-06-16 15:00, success, 65.56
2026-06-16 15:02, success, 66.73
2026-06-16 15:31, success, 65.67
2026-06-16 15:59, unknown, 0.00
2026-06-16 16:02, success, 62.18
2026-06-16 16:30, success, 65.32
2026-06-16 17:00, success, 63.11
2026-06-16 17:02, success, 65.31
2026-06-16 17:31, success, 59.45
2026-06-16 18:00, success, 60.06
2026-06-16 18:02, success, 65.77
2026-06-16 18:30, success, 59.07
2026-06-16 19:00, success, 67.63
2026-06-16 19:01, success, 63.14
2026-06-16 19:31, success, 65.29
2026-06-16 20:00, success, 62.18
2026-06-16 20:02, success, 56.00
2026-06-16 20:31, success, 62.41
2026-06-16 21:00, success, 65.32
2026-06-16 21:02, success, 78.09
2026-06-16 21:31, success, 66.43
2026-06-16 22:00, success, 63.56
2026-06-16 22:02, success, 71.46
2026-06-16 22:31, success, 75.04
2026-06-16 23:00, success, 72.88
2026-06-16 23:01, unknown, 0.00
2026-06-16 23:30, success, 62.23
2026-06-17 00:00, success, 65.92
2026-06-17 00:02, success, 66.68
2026-06-17 00:31, success, 68.72
2026-06-17 01:00, success, 87.10
2026-06-17 01:02, success, 69.90
2026-06-17 01:31, success, 90.13
2026-06-17 02:00, success, 93.08
2026-06-17 02:02, success, 85.73
2026-06-17 02:31, success, 59.62
2026-06-17 02:59, success, 65.27
2026-06-17 03:01, success, 65.32
2026-06-17 03:30, success, 65.30
2026-06-17 04:00, success, 63.50
2026-06-17 04:01, success, 65.20
2026-06-17 04:30, success, 52.87
2026-06-17 05:00, success, 77.59
2026-06-17 05:02, success, 66.45
2026-06-17 05:30, success, 62.19
2026-06-17 06:00, success, 65.69
2026-06-17 06:01, success, 62.15
2026-06-17 06:31, success, 71.46
2026-06-17 07:00, success, 74.59
2026-06-17 07:01, success, 62.09
2026-06-17 07:31, success, 65.70
2026-06-17 08:00, success, 75.04
2026-06-17 08:02, success, 62.64
2026-06-17 08:30, success, 62.11
2026-06-17 09:00, success, 68.67
2026-06-17 09:01, success, 65.68
2026-06-17 09:31, success, 68.89
2026-06-17 10:00, success, 65.38
2026-06-17 10:01, success, 62.56
2026-06-17 10:30, success, 63.42
2026-06-17 10:59, success, 65.69
2026-06-17 11:01, success, 66.55
2026-06-17 11:30, success, 62.61
2026-06-17 12:00, success, 62.59
2026-06-17 12:02, success, 66.58
2026-06-17 12:31, success, 74.65
2026-06-17 13:00, success, 60.24
2026-06-17 13:02, success, 69.81
2026-06-17 13:30, unknown, 0.00
2026-06-17 14:00, success, 65.30
2026-06-17 14:02, success, 62.61
2026-06-17 14:30, success, 56.34
2026-06-17 14:59, unknown, 0.00
2026-06-17 15:01, unknown, 0.00
2026-06-17 15:31, success, 93.24
2026-06-17 16:00, success, 59.92
2026-06-17 16:02, success, 63.34
2026-06-17 16:30, success, 66.29
2026-06-17 17:00, success, 69.76
2026-06-17 17:02, success, 65.68
2026-06-17 17:30, success, 59.06
2026-06-17 18:00, success, 69.34
2026-06-17 18:02, success, 68.46
2026-06-17 18:31, success, 105.62
2026-06-17 19:00, success, 60.29
2026-06-17 19:02, success, 71.46
2026-06-17 19:29, unknown, 0.00
2026-06-17 19:59, success, 62.53
2026-06-17 20:05, failed, 242.16
2026-06-17 20:31, success, 62.27
2026-06-17 20:59, success, 62.60
2026-06-17 21:01, success, 66.26
2026-06-17 21:31, success, 68.48
2026-06-17 21:59, success, 68.76
2026-06-17 22:01, success, 59.90
2026-06-17 22:31, success, 66.19
2026-06-17 22:59, success, 66.59
2026-06-17 23:01, success, 62.16
2026-06-17 23:31, success, 60.26
2026-06-18 00:00, success, 62.17
2026-06-18 00:02, success, 66.46
2026-06-18 00:29, unknown, 0.00
2026-06-18 01:00, success, 75.97
2026-06-18 01:03, success, 69.83
2026-06-18 01:31, success, 56.01
2026-06-18 02:00, success, 62.11
2026-06-18 02:02, success, 66.03
2026-06-18 02:31, success, 72.81
2026-06-18 03:00, success, 85.42
2026-06-18 03:02, success, 71.53
2026-06-18 03:31, success, 65.74
2026-06-18 04:00, success, 72.78
2026-06-18 04:02, success, 98.21
2026-06-18 04:31, unknown, 0.00
2026-06-18 05:00, success, 72.91
2026-06-18 05:02, success, 68.30
2026-06-18 05:31, success, 66.38
2026-06-18 05:59, success, 71.95
2026-06-18 06:02, success, 60.23
2026-06-18 06:31, success, 69.64
2026-06-18 07:00, success, 65.26
2026-06-18 07:01, success, 65.63
2026-06-18 07:31, success, 65.89
2026-06-18 08:00, success, 104.35
2026-06-18 08:02, success, 68.41
2026-06-18 08:20, success, 66.48
2026-06-18 08:30, success, 62.21
2026-06-18 08:59, success, 62.11
2026-06-18 09:01, success, 68.41
2026-06-18 09:30, success, 69.60
2026-06-18 10:31, success, 50.60
2026-06-18 11:00, success, 77.52
2026-06-18 11:03, success, 83.85
2026-06-18 11:31, success, 68.09
2026-06-18 12:00, success, 74.13
2026-06-18 12:03, success, 68.03
2026-06-18 12:31, success, 54.92
2026-06-18 13:00, success, 72.98
2026-06-18 13:02, success, 71.35
2026-06-18 13:31, success, 57.91
2026-06-18 14:00, success, 63.75
2026-06-18 14:02, success, 66.84
2026-06-18 14:32, success, 74.99
2026-06-18 15:00, success, 83.38
2026-06-18 15:03, success, 73.02
2026-06-18 15:31, success, 66.85
2026-06-18 16:00, success, 68.91
2026-06-18 16:03, success, 71.01
2026-06-18 16:31, success, 72.90
2026-06-18 17:00, success, 67.90
2026-06-18 17:02, success, 66.70
2026-06-18 17:31, success, 70.40
2026-06-18 18:00, success, 70.60
2026-06-18 18:02, success, 63.05
2026-06-18 18:31, success, 67.25
2026-06-18 19:00, success, 67.24
2026-06-18 19:02, success, 68.36
2026-06-18 19:30, success, 68.44
2026-06-18 19:59, success, 65.42
2026-06-18 20:01, success, 66.79
2026-06-18 20:31, success, 77.21
2026-06-18 21:00, success, 88.61
2026-06-18 21:03, success, 85.46
2026-06-18 21:31, success, 72.90
2026-06-18 22:00, success, 76.08
2026-06-18 22:02, success, 69.18
2026-06-18 22:31, success, 66.16
2026-06-18 23:00, success, 74.50
2026-06-18 23:02, success, 67.79
2026-06-18 23:31, success, 65.68
2026-06-19 00:00, success, 73.46
2026-06-19 00:02, success, 70.15
2026-06-19 00:31, success, 63.95
2026-06-19 01:00, success, 74.91
2026-06-19 01:02, success, 71.03
2026-06-19 01:31, success, 66.19
2026-06-19 02:01, success, 52.27
2026-06-19 02:03, success, 69.85
2026-06-19 02:31, success, 66.38
2026-06-19 03:00, success, 65.22
2026-06-19 03:02, success, 61.75
2026-06-19 03:31, success, 68.40
2026-06-19 04:00, success, 68.79
2026-06-19 04:02, success, 71.54
2026-06-19 04:31, success, 71.41
2026-06-19 05:00, success, 71.52
2026-06-19 05:02, success, 73.06
2026-06-19 05:31, success, 66.23
2026-06-19 06:00, success, 72.47
2026-06-19 06:03, success, 68.15
2026-06-19 06:31, success, 102.65
2026-06-19 07:00, success, 99.42
2026-06-19 07:03, success, 69.92
2026-06-19 07:31, success, 60.37
2026-06-19 08:00, success, 71.51
2026-06-19 08:02, success, 71.51
2026-06-19 08:30, success, 68.83
2026-06-19 09:00, success, 74.06
2026-06-19 09:02, success, 63.77
2026-06-19 09:31, success, 70.61
2026-06-19 10:00, success, 66.85
2026-06-19 10:01, success, 54.44
2026-06-19 10:31, success, 53.22
2026-06-19 11:00, success, 71.63
2026-06-19 11:02, success, 69.99
2026-06-19 11:31, success, 59.11
2026-06-19 12:00, success, 67.94
2026-06-19 12:02, success, 68.31
2026-06-19 12:31, success, 59.55
2026-06-19 13:00, success, 68.84
2026-06-19 13:02, failed, 
2026-06-19 13:31, success, 68.55
2026-06-19 14:00, success, 52.92
2026-06-19 14:02, success, 66.83
2026-06-19 14:31, success, 55.24
2026-06-19 15:00, success, 68.56
2026-06-19 15:03, success, 73.11
2026-06-19 15:30, success, 70.69
2026-06-19 16:00, success, 74.21
2026-06-19 16:03, success, 75.87
2026-06-19 16:31, success, 65.32
2026-06-19 17:00, success, 68.44
2026-06-19 17:02, success, 64.77
2026-06-19 17:31, success, 65.77
2026-06-19 18:01, success, 118.13
2026-06-19 18:05, success, 139.83
2026-06-19 18:33, success, 200.02
2026-06-19 18:59, success, 68.89
2026-06-19 19:02, success, 76.07
2026-06-19 19:31, success, 42.59
2026-06-19 20:00, success, 56.78
2026-06-19 20:02, success, 68.44
2026-06-19 20:31, success, 75.67
2026-06-19 21:01, success, 99.44
2026-06-19 21:03, success, 66.45
2026-06-19 21:31, success, 68.85
2026-06-19 22:00, success, 70.46
2026-06-19 22:02, success, 74.65
2026-06-19 22:31, success, 71.30
2026-06-19 23:00, success, 73.08
2026-06-19 23:03, success, 73.13
2026-06-19 23:31, success, 66.50
2026-06-20 00:01, success, 74.77
2026-06-20 00:03, success, 54.91
2026-06-20 00:31, success, 63.67
2026-06-20 01:00, success, 62.22
2026-06-20 01:02, success, 69.78
2026-06-20 01:31, success, 57.10
2026-06-20 02:00, success, 72.56
2026-06-20 02:02, success, 71.55
2026-06-20 02:30, unknown, 
2026-06-20 03:01, success, 50.85
2026-06-20 03:04, success, 82.36
2026-06-20 03:32, success, 91.88
2026-06-20 04:00, success, 54.41
2026-06-20 04:03, success, 63.72
2026-06-20 04:31, success, 57.22
2026-06-20 05:03, failed, 178.11
2026-06-20 05:05, success, 72.15
2026-06-20 05:31, success, 77.85
2026-06-20 06:00, success, 74.70
2026-06-20 06:02, success, 66.70
2026-06-20 06:31, success, 59.11
2026-06-20 07:00, success, 76.17
2026-06-20 07:02, success, 68.31
2026-06-20 07:31, success, 72.58
2026-06-20 08:00, success, 71.41
2026-06-20 08:02, success, 69.40
2026-06-20 08:31, success, 73.08
2026-06-20 09:00, success, 69.87
2026-06-20 09:05, failed, 97.68
2026-06-20 09:34, failed, 
2026-06-20 10:02, success, 131.65
2026-06-20 10:05, success, 157.92
2026-06-20 10:33, success, 147.27
2026-06-20 11:00, success, 86.03
2026-06-20 11:04, success, 130.53
2026-06-20 11:31, success, 60.72
2026-06-20 12:01, success, 105.60
2026-06-20 12:03, success, 57.96
2026-06-20 12:31, success, 76.01
2026-06-20 13:00, success, 78.36
2026-06-20 13:02, success, 73.14
2026-06-20 13:31, success, 80.77
2026-06-20 14:00, success, 69.98
2026-06-20 14:02, success, 80.83
2026-06-20 14:31, success, 69.88
2026-06-20 15:03, failed, 
2026-06-20 15:08, failed, 53.42
2026-06-20 15:31, success, 69.74
2026-06-20 15:59, success, 67.23
2026-06-20 16:02, success, 69.15
2026-06-20 16:32, success, 77.78
2026-06-20 17:00, success, 79.33
2026-06-20 17:02, success, 65.65
2026-06-20 17:31, success, 74.66
2026-06-20 18:00, success, 76.20
2026-06-20 18:02, success, 72.98
2026-06-20 18:31, success, 79.35
2026-06-20 19:00, success, 77.67
2026-06-20 19:03, success, 74.68
2026-06-20 19:31, success, 66.03
2026-06-20 20:00, success, 73.50
2026-06-20 20:02, success, 97.22
2026-06-20 20:31, success, 94.88
2026-06-20 21:00, success, 84.72
2026-06-20 21:03, success, 66.90
2026-06-20 21:31, success, 104.25
2026-06-20 22:00, success, 103.12
2026-06-20 22:03, success, 61.96
2026-06-20 22:31, success, 84.47
2026-06-20 23:00, success, 71.92
2026-06-20 23:04, success, 144.68
2026-06-20 23:32, success, 90.60
2026-06-21 00:01, success, 86.65
2026-06-21 00:04, success, 104.51
2026-06-21 00:31, success, 69.13
2026-06-21 01:00, success, 69.97
2026-06-21 01:02, success, 66.97
2026-06-21 01:31, success, 70.02
2026-06-21 02:00, success, 61.93
2026-06-21 02:02, success, 66.88
2026-06-21 02:31, success, 67.82
2026-06-21 03:00, success, 83.17
2026-06-21 03:03, success, 73.51
2026-06-21 03:31, success, 77.78
2026-06-21 04:00, success, 82.31
2026-06-21 04:02, success, 73.09
2026-06-21 04:31, success, 77.74
2026-06-21 05:00, success, 71.55
2026-06-21 05:02, success, 56.71
2026-06-21 05:31, success, 69.98
2026-06-21 06:00, success, 72.77
2026-06-21 06:07, success, 223.91
2026-06-21 06:31, success, 69.61
2026-06-21 07:00, success, 68.33
2026-06-21 07:02, success, 73.07
2026-06-21 07:31, success, 74.41
2026-06-21 08:00, success, 71.46
2026-06-21 08:02, success, 54.80
2026-06-21 08:31, success, 68.34
2026-06-21 09:00, success, 73.47
2026-06-21 09:02, success, 65.26
2026-06-21 09:32, success, 66.73
2026-06-21 09:59, unknown, 
2026-06-21 10:02, success, 71.57
2026-06-21 10:31, success, 76.58
2026-06-21 11:01, success, 71.26
2026-06-21 11:04, success, 77.76
2026-06-21 11:31, success, 65.32
2026-06-21 12:00, success, 69.07
2026-06-21 12:02, success, 53.66
2026-06-21 12:31, success, 67.24
2026-06-21 13:00, success, 67.15
2026-06-21 13:02, success, 71.21
2026-06-21 13:31, success, 89.86
2026-06-21 14:00, success, 65.12
2026-06-21 14:02, success, 84.17
2026-06-21 14:31, success, 71.42
2026-06-21 15:00, success, 71.48
2026-06-21 15:02, success, 67.55
2026-06-21 15:31, success, 77.66
2026-06-21 16:00, success, 74.36
2026-06-21 16:02, success, 69.88
2026-06-21 16:31, success, 56.35
2026-06-21 17:00, success, 74.45
2026-06-21 17:02, success, 57.65
2026-06-21 17:31, success, 67.49
2026-06-21 18:00, success, 74.11
2026-06-21 18:03, success, 55.55
2026-06-21 18:31, success, 61.84
2026-06-21 19:00, success, 63.23
2026-06-21 19:02, success, 71.55
2026-06-21 19:31, success, 78.18
2026-06-21 20:00, success, 64.93
2026-06-21 20:03, success, 71.27
2026-06-21 20:31, success, 76.12
2026-06-21 21:00, success, 73.14
2026-06-21 21:02, success, 76.24
2026-06-21 21:31, success, 65.34
2026-06-21 22:00, success, 70.01
2026-06-21 22:02, success, 60.29
2026-06-21 22:31, success, 72.57
2026-06-21 23:00, success, 68.89
2026-06-21 23:02, success, 71.54
2026-06-21 23:32, success, 74.55
2026-06-22 00:00, success, 89.52
2026-06-22 00:03, success, 72.89
2026-06-22 00:31, success, 84.17
2026-06-22 01:00, success, 71.54
2026-06-22 01:02, success, 54.39
2026-06-22 01:31, success, 73.66
2026-06-22 02:00, success, 58.23
2026-06-22 02:02, success, 65.74
2026-06-22 02:31, success, 62.12
2026-06-22 03:00, success, 73.00
2026-06-22 03:02, success, 76.22
2026-06-22 03:31, success, 69.21
2026-06-22 04:00, success, 52.47
2026-06-22 04:03, success, 105.80
2026-06-22 04:31, success, 76.26
2026-06-22 05:01, success, 58.75
2026-06-22 05:04, success, 121.12
2026-06-22 05:31, success, 72.66
2026-06-22 06:00, success, 77.42
2026-06-22 06:01, unknown, 
2026-06-22 06:31, success, 71.46
2026-06-22 07:00, success, 68.48
2026-06-22 07:03, success, 84.61
2026-06-22 07:31, success, 70.10
2026-06-22 08:00, success, 74.12
2026-06-22 08:02, success, 57.65
2026-06-22 08:31, success, 91.50
2026-06-22 09:00, success, 70.99
2026-06-22 09:02, success, 40.55
2026-06-22 09:31, success, 74.18
2026-06-22 09:51, success, 81.11
2026-06-22 11:19, success, 49.27
2026-06-22 11:46, success, 67.81
2026-06-22 12:39, success, 69.81
2026-07-30 08:55, unknown, 
2026-08-03 09:54, unknown, 
2026-08-03 10:45, unknown, 
2026-08-03 11:33, success, 46.15
2026-08-03 13:20, success, 40.51
2026-08-03 16:08, unknown, 
2026-08-03 18:06, success, 63.47
2026-08-03 19:55, success, 53.94
2026-08-03 21:20, success, 65.11
2026-08-03 22:39, success, 51.28
2026-08-03 23:49, success, 51.31
2026-08-04 03:35, success, 57.03
2026-08-04 06:16, success, 50.08
2026-08-04 09:30, unknown, 
2026-08-04 11:48, unknown, 
2026-08-04 14:37, unknown, 
2026-08-04 16:30, unknown, 
2026-08-04 18:17, unknown, 
2026-08-04 20:12, unknown, 
2026-08-04 21:53, unknown, 
2026-08-04 23:17, unknown, 
2026-08-05 01:02, unknown, 
2026-08-05 04:26, unknown, 
2026-08-05 07:21, unknown, 
2026-08-05 10:15, unknown, 
2026-08-05 12:26, unknown, 
2026-08-05 15:00, unknown, 
2026-08-05 16:50, unknown, 
2026-08-05 18:47, unknown, 
2026-08-05 20:38, unknown, 
2026-08-05 21:56, unknown, 
2026-08-05 23:17, unknown, 
2026-08-06 01:02, unknown, 
2026-08-06 04:28, unknown, 
2026-08-06 07:23, unknown, 
2026-08-06 10:16, unknown, 
2026-08-06 12:29, unknown, 
2026-08-06 14:59, unknown, 
2026-08-07 00:44, unknown, 
2026-08-07 04:03, unknown, 
2026-08-07 05:48, unknown, 
2026-08-07 07:39, unknown, 
2026-08-07 08:39, unknown, 
2026-08-07 10:09, unknown, 
2026-08-07 11:07, unknown, 
2026-08-07 11:57, unknown, 
2026-08-07 13:35, unknown, 
2026-08-07 14:38, unknown, 
2026-08-07 15:36, unknown, 
2026-08-07 16:33, unknown, 
2026-08-07 17:30, unknown, 
2026-08-07 18:28, unknown, 
2026-08-07 19:37, unknown, 
2026-08-07 20:22, unknown, 
2026-08-07 21:21, unknown, 
2026-08-07 22:16, unknown, 
2026-08-07 23:16, unknown, 
2026-08-08 00:04, unknown, 
2026-08-08 02:19, unknown, 
2026-08-08 03:56, unknown, 
2026-08-08 05:08, unknown, 
2026-08-08 05:57, unknown, 
2026-08-08 07:11, unknown, 
2026-08-08 08:19, unknown, 
2026-08-08 09:20, unknown, 
2026-08-08 10:06, unknown, 
2026-08-08 10:49, unknown, 
2026-08-08 11:39, unknown, 
2026-08-08 13:10, unknown, 
2026-08-08 14:16, unknown, 
2026-08-08 15:02, unknown, 
2026-08-08 15:43, unknown, 
2026-08-08 16:49, unknown, 
2026-08-08 17:44, unknown, 
2026-08-08 18:55, unknown, 
2026-08-08 19:42, unknown, 
2026-08-08 20:46, unknown, 
2026-08-08 21:43, unknown, 
2026-08-08 22:44, unknown, 
2026-08-08 23:41, unknown, 
2026-08-09 02:26, unknown, 
2026-08-09 04:03, unknown, 
2026-08-09 05:16, unknown, 
2026-08-09 06:26, unknown, 
2026-08-09 07:39, unknown, 
2026-08-09 08:59, unknown, 
2026-08-09 09:53, unknown, 
2026-08-09 10:50, unknown, 
2026-08-09 11:41, unknown, 
2026-08-09 13:13, unknown, 
2026-08-09 14:18, unknown, 
2026-08-09 15:04, unknown, 
2026-08-09 15:44, unknown, 
2026-08-09 16:51, unknown, 
2026-08-09 17:45, unknown, 
2026-08-09 18:58, unknown, 
2026-08-09 19:46, unknown, 
2026-08-09 20:49, unknown, 
2026-08-09 21:45, unknown, 
2026-08-09 22:47, unknown, 
2026-08-09 23:44, unknown, 
2026-08-10 02:31, unknown, 
2026-08-10 04:16, unknown, 
2026-08-10 06:00, unknown, 
2026-08-10 08:01, unknown, 
2026-08-10 09:45, unknown, 
2026-08-10 11:19, unknown, 
2026-08-10 12:29, unknown, 
2026-08-10 14:04, unknown, 
2026-08-10 15:14, unknown, 
2026-08-10 16:29, unknown, 
2026-08-10 17:33, unknown, 
2026-08-10 18:30, unknown, 
2026-08-10 19:40, unknown, 
2026-08-10 20:58, unknown, 
2026-08-10 21:55, unknown, 
2026-08-10 22:54, unknown, 
2026-08-10 23:48, unknown, 
2026-08-11 02:24, unknown, 
2026-08-11 04:05, unknown, 
2026-08-11 05:21, unknown, 
2026-08-11 06:32, unknown, 
2026-08-11 07:51, unknown, 
2026-08-11 09:12, unknown, 
2026-08-11 10:31, unknown, 
2026-08-11 11:27, unknown, 
2026-08-11 12:27, unknown, 
2026-08-11 14:04, unknown, 
2026-08-11 15:14, unknown, 
2026-08-11 16:31, unknown, 
2026-08-11 17:37, unknown, 
2026-08-11 18:35, unknown, 
2026-08-11 19:44, unknown, 
2026-08-11 21:01, unknown, 
2026-08-11 22:01, unknown, 
2026-08-11 22:59, unknown, 
2026-08-11 23:56, unknown, 
2026-08-12 02:41, unknown, 
2026-08-12 04:58, unknown, 
2026-08-12 06:40, unknown, 
2026-08-12 08:38, unknown, 
2026-08-12 09:11, failed, 
2026-08-12 09:51, failed, 
2026-08-12 11:14, failed, 
2026-08-12 12:34, failed, 65.25
2026-08-12 14:10, failed, 
2026-08-12 15:17, failed, 
2026-08-12 16:37, failed, 
2026-08-12 17:43, failed, 
2026-08-12 18:41, failed, 
2026-08-12 19:52, failed, 
2026-08-12 21:06, failed, 52.89
2026-08-12 22:04, failed, 
2026-08-12 23:04, failed, 
2026-08-13 00:00, failed, 65.86
2026-08-13 02:48, failed, 
2026-08-13 05:06, failed, 59.41
2026-08-13 06:46, failed, 
2026-08-13 08:47, failed, 
2026-08-13 10:25, failed, 
2026-08-13 11:31, failed, 
2026-08-13 12:36, failed, 
2026-08-13 14:11, failed, 
2026-08-13 15:14, unknown, 
2026-08-13 16:36, failed, 69.57
2026-08-13 17:43, failed, 
2026-08-13 18:42, failed, 
2026-08-13 19:49, failed, 
2026-08-13 21:00, unknown, 
2026-08-13 22:04, failed, 
2026-08-13 23:04, failed, 
2026-08-14 00:00, failed, 
2026-08-14 02:47, failed, 
2026-08-14 05:03, failed, 
2026-08-14 06:44, failed, 
2026-08-14 08:40, failed, 
2026-08-14 09:47, failed, 
2026-08-14 11:12, failed, 150.11
2026-08-14 12:02, failed, 
2026-08-14 13:42, failed, 
2026-08-14 14:44, failed, 
2026-08-14 15:36, success, 78.82
2026-08-14 16:30, unknown, 
2026-08-14 17:41, failed, 
2026-08-14 18:36, failed, 
2026-08-14 19:40, failed, 
2026-08-14 20:18, failed, 
2026-08-14 21:07, failed, 
2026-08-14 21:43, failed, 
2026-08-14 22:04, failed, 
2026-08-14 22:42, failed, 
2026-08-14 23:04, failed, 
2026-08-14 23:40, failed, 
2026-08-15 00:03, failed, 
2026-08-15 01:51, failed, 
2026-08-15 03:07, failed, 
2026-08-15 03:56, failed, 
2026-08-15 04:49, failed, 
2026-08-15 05:42, failed, 
2026-08-15 06:00, unknown, 
2026-08-15 07:01, failed, 
2026-08-15 07:46, failed, 
2026-08-15 08:48, failed, 
2026-08-15 09:42, failed, 
2026-08-15 10:04, failed, 
2026-08-15 10:41, failed, 
2026-08-15 11:02, failed, 
2026-08-15 11:37, failed, 
2026-08-15 11:59, failed, 
2026-08-15 13:00, failed, 65.26
2026-08-15 13:46, failed, 
2026-08-15 14:41, failed, 
2026-08-15 15:04, failed, 
2026-08-15 15:37, failed, 69.75
2026-08-15 15:59, failed, 
2026-08-15 16:42, failed, 
2026-08-15 17:04, failed, 
2026-08-15 17:39, failed, 
2026-08-15 18:00, failed, 
2026-08-15 18:51, failed, 
2026-08-15 19:36, failed, 
2026-08-15 19:57, failed, 53.95
2026-08-15 20:40, failed, 
2026-08-15 21:03, failed, 
2026-08-15 21:37, failed, 
2026-08-15 21:59, failed, 
2026-08-15 22:40, failed, 
2026-08-15 23:03, failed, 
2026-08-15 23:38, failed, 
2026-08-15 23:59, failed, 
2026-08-16 02:00, failed, 47.58
2026-08-16 03:15, failed, 
2026-08-16 04:23, failed, 
2026-08-16 05:09, failed, 
2026-08-16 05:44, failed, 
2026-08-16 07:01, failed, 
2026-08-16 07:46, failed, 56.45
2026-08-16 08:49, failed, 
2026-08-16 09:42, failed, 
2026-08-16 10:04, failed, 
2026-08-16 10:41, failed, 
2026-08-16 11:04, failed, 
2026-08-16 11:36, failed, 
2026-08-16 12:00, failed, 
2026-08-16 13:04, failed, 
2026-08-16 13:47, failed, 
2026-08-16 14:40, failed, 60.40
2026-08-16 15:02, failed, 
2026-08-16 15:38, failed, 
2026-08-16 16:00, failed, 68.48
2026-08-16 16:44, failed, 
2026-08-16 17:36, failed, 
2026-08-16 17:58, failed, 
2026-08-16 18:50, failed, 
2026-08-16 19:36, failed, 
2026-08-16 19:57, failed, 43.95
2026-08-16 20:40, failed, 
2026-08-16 20:57, unknown, 
2026-08-16 21:37, failed, 
2026-08-16 21:59, failed, 
2026-08-16 22:39, failed, 
2026-08-16 23:00, failed, 35.03
2026-08-16 23:37, failed, 
2026-08-16 23:58, failed, 
2026-08-17 01:57, failed, 
2026-08-17 03:15, failed, 
2026-08-17 04:28, failed, 
2026-08-17 05:24, unknown, 
2026-08-17 06:09, failed, 
2026-08-17 07:19, failed, 
2026-08-17 08:28, failed, 
2026-08-17 09:28, failed, 
2026-08-17 10:16, failed, 
2026-08-17 11:01, unknown, 
2026-08-17 11:41, failed, 
2026-08-17 12:04, failed, 
2026-08-17 13:08, failed, 56.03
2026-08-17 13:55, failed, 
2026-08-17 14:46, failed, 
2026-08-17 15:41, failed, 
2026-08-17 16:03, failed, 
2026-08-17 16:48, failed, 
2026-08-17 17:48, failed, 
2026-08-17 19:00, failed, 
2026-08-17 19:44, failed, 
2026-08-17 20:06, failed, 
2026-08-17 20:45, failed, 
2026-08-17 21:37, unknown, 
2026-08-17 22:04, failed, 
2026-08-17 22:37, unknown, 
2026-08-17 22:59, unknown, 
2026-08-17 23:34, unknown, 
2026-08-18 00:01, failed, 
2026-08-18 01:53, failed, 
2026-08-18 03:11, failed, 
2026-08-18 04:02, failed, 
2026-08-18 04:53, failed, 
2026-08-18 05:47, failed, 
2026-08-18 07:07, failed, 
2026-08-18 07:56, failed, 
2026-08-18 08:57, failed, 
2026-08-18 09:51, failed, 
2026-08-18 10:49, failed, 
2026-08-18 11:41, failed, 
2026-08-18 12:04, failed, 
2026-08-18 13:09, failed, 
2026-08-18 13:59, failed, 
2026-08-18 14:54, failed, 
2026-08-18 15:48, failed, 
2026-08-18 16:51, failed, 
2026-08-18 17:42, unknown, 
2026-08-18 18:58, failed, 
2026-08-18 19:41, failed, 
2026-08-18 20:01, failed, 
2026-08-18 20:42, failed, 
2026-08-18 21:04, failed, 
2026-08-18 21:40, failed, 
2026-08-18 22:01, failed, 
2026-08-18 22:43, failed, 
2026-08-18 23:06, failed, 69.01
2026-08-18 23:38, failed, 
2026-08-19 00:00, failed, 
2026-08-19 01:56, failed, 
2026-08-19 03:13, failed, 
2026-08-19 04:04, failed, 
2026-08-19 04:53, failed, 
2026-08-19 05:49, failed, 
2026-08-19 07:08, failed, 
2026-08-19 07:56, failed, 
2026-08-19 08:57, failed, 
2026-08-19 09:51, failed, 
2026-08-19 10:48, failed, 
2026-08-19 11:42, failed, 
2026-08-19 12:05, failed, 
2026-08-19 13:12, failed, 
2026-08-19 14:00, failed, 
2026-08-19 14:55, failed, 
2026-08-19 15:48, failed, 
2026-08-19 16:49, failed, 
2026-08-19 17:42, failed, 
2026-08-19 18:03, failed, 
2026-08-19 18:56, failed, 
2026-08-19 19:41, failed, 
2026-08-19 20:02, failed, 
2026-08-19 20:47, failed, 
2026-08-19 21:42, failed, 
2026-08-19 22:05, failed, 53.93
2026-08-19 22:41, success, 69.50
2026-08-19 23:05, failed, 
2026-08-19 23:39, failed, 
2026-08-20 00:01, failed, 
2026-08-20 01:54, failed, 
2026-08-20 03:13, failed, 101.47
2026-08-20 03:58, unknown, 
2026-08-20 04:50, unknown, 
2026-08-20 05:49, failed, 
2026-08-20 07:09, failed, 
2026-08-20 07:59, failed, 
2026-08-20 08:58, failed, 
2026-08-20 09:54, failed, 
2026-08-20 10:49, failed, 
2026-08-20 11:43, failed, 
2026-08-20 12:08, failed, 
2026-08-20 13:14, failed, 
2026-08-20 14:06, failed, 
2026-08-20 14:54, unknown, 
2026-08-20 15:51, failed, 
2026-08-20 16:53, failed, 
2026-08-20 17:47, failed, 
2026-08-20 19:01, failed, 
2026-08-20 19:48, failed, 
2026-08-20 20:49, failed, 62.24
2026-08-20 21:42, success, 68.48
2026-08-20 22:49, failed, 
2026-08-20 23:42, failed, 
2026-08-21 00:04, failed, 
2026-08-21 01:59, failed, 
2026-08-21 03:19, failed, 
2026-08-21 04:26, failed, 
2026-08-21 05:20, failed, 
2026-08-21 06:02, unknown, 
2026-08-21 07:09, failed, 
2026-08-21 07:59, failed, 
2026-08-21 08:55, unknown, 
2026-08-21 09:57, failed, 
2026-08-21 10:50, failed, 
2026-08-21 11:42, failed, 
2026-08-21 12:03, unknown, 
2026-08-21 13:10, unknown, 
2026-08-21 14:03, failed, 
2026-08-21 14:56, failed, 
2026-08-21 15:49, unknown, 
2026-08-21 16:54, failed, 
2026-08-21 17:46, failed, 
2026-08-21 18:58, failed, 
2026-08-21 19:41, failed, 
2026-08-21 20:01, failed, 
2026-08-21 20:42, failed, 
2026-08-21 21:04, failed, 
2026-08-21 21:41, failed, 
2026-08-21 22:03, failed, 
2026-08-21 22:41, unknown, 
2026-08-21 23:05, failed, 
2026-08-21 23:37, unknown, 
2026-08-22 00:04, failed, 
2026-08-22 01:52, failed, 
2026-08-22 03:11, failed, 
2026-08-22 03:59, failed, 
2026-08-22 04:51, failed, 
2026-08-22 05:43, failed, 31.45
2026-08-22 06:06, failed, 
2026-08-22 07:01, failed, 
2026-08-22 07:47, failed, 
2026-08-22 08:50, failed, 
2026-08-22 09:42, failed, 34.75
2026-08-22 10:04, failed, 
2026-08-22 10:41, failed, 
2026-08-22 11:03, failed, 
2026-08-22 11:35, unknown, 
2026-08-22 12:01, failed, 
2026-08-22 13:03, failed, 
2026-08-22 13:47, failed, 56.03
2026-08-22 14:41, failed, 
2026-08-22 15:02, failed, 
2026-08-22 15:38, failed, 
2026-08-22 15:58, unknown, 
2026-08-22 16:42, failed, 
2026-08-22 17:04, failed, 
2026-08-22 17:39, failed, 
2026-08-22 17:57, unknown, 
2026-08-22 18:52, failed, 
2026-08-22 19:39, failed, 
2026-08-22 19:59, failed, 
2026-08-22 20:37, unknown, 
2026-08-22 21:04, failed, 
2026-08-22 21:39, failed, 
2026-08-22 22:00, failed, 
2026-08-22 22:40, failed, 
2026-08-22 23:02, failed, 
2026-08-22 23:38, failed, 
2026-08-23 00:01, failed, 
2026-08-23 02:03, failed, 
2026-08-23 03:18, failed, 
2026-08-23 04:26, failed, 
2026-08-23 05:12, failed, 
2026-08-23 05:48, failed, 
2026-08-23 07:03, failed, 65.40
2026-08-23 07:50, failed, 
2026-08-23 08:51, failed, 
2026-08-23 09:44, failed, 
2026-08-23 10:41, failed, 
2026-08-23 11:01, unknown, 
2026-08-23 11:38, failed, 
2026-08-23 12:03, failed, 
2026-08-23 13:02, unknown, 
2026-08-23 13:46, success, 62.18
2026-08-23 14:42, failed, 
2026-08-23 15:04, failed, 
2026-08-23 15:39, failed, 69.03
2026-08-23 16:00, failed, 
2026-08-23 16:44, failed, 
2026-08-23 17:40, failed, 
2026-08-23 17:59, failed, 
2026-08-23 18:51, failed, 
2026-08-23 19:36, failed, 
2026-08-23 19:59, failed, 
2026-08-23 20:41, failed, 
2026-08-23 21:03, failed, 
2026-08-23 21:38, failed, 
2026-08-23 22:02, failed, 
2026-08-23 22:41, failed, 
2026-08-23 23:01, failed, 
2026-08-23 23:38, failed, 
2026-08-24 00:00, failed, 
2026-08-24 02:01, failed, 
2026-08-24 03:20, failed, 
2026-08-24 04:31, failed, 138.82
2026-08-24 05:28, failed, 
2026-08-24 06:13, failed, 
2026-08-24 07:25, failed, 
2026-08-24 08:30, failed, 
2026-08-24 09:28, unknown, 
2026-08-24 10:26, failed, 212.32
2026-08-24 11:11, failed, 
2026-08-24 11:47, failed, 
2026-08-24 13:15, failed, 
2026-08-24 14:28, failed, 
2026-08-24 15:25, failed, 
2026-08-24 16:08, unknown, 
2026-08-24 16:59, failed, 
2026-08-24 17:49, failed, 
2026-08-24 19:02, failed, 
2026-08-24 19:46, failed, 
2026-08-24 20:50, failed, 
2026-08-24 21:46, failed, 
2026-08-24 22:45, failed, 
2026-08-24 23:37, failed, 
2026-08-25 00:00, failed, 
2026-08-25 01:54, failed, 
2026-08-25 03:15, failed, 
2026-08-25 04:27, failed, 
2026-08-25 05:21, failed, 
2026-08-25 06:08, failed, 
2026-08-25 07:11, failed, 
2026-08-25 08:02, failed, 
2026-08-25 09:00, success, 112.52
2026-08-25 09:54, failed, 
2026-08-25 10:51, success, 125.70
2026-08-25 11:42, success, 41.29
2026-08-25 13:11, success, 61.74
2026-08-25 14:06, success, 96.36
2026-08-25 15:01, unknown, 
2026-08-25 16:00, success, 124.47
2026-08-25 16:56, success, 185.57
2026-08-25 17:48, success, 134.18
2026-08-25 18:57, success, 68.08
2026-08-25 19:45, success, 58.73
2026-08-25 20:45, success, 61.83
2026-08-25 21:43, success, 64.61
2026-08-25 22:45, success, 61.05
2026-08-25 23:35, unknown, 
2026-08-26 00:00, success, 59.50
2026-08-26 01:59, success, 66.94
2026-08-26 03:18, success, 52.92
2026-08-26 04:23, success, 62.69
2026-08-26 05:19, success, 103.17
2026-08-26 06:08, success, 56.80
2026-08-26 07:09, success, 65.94
2026-08-26 08:00, success, 69.96
2026-08-26 09:01, success, 60.65
2026-08-26 09:56, success, 68.43
2026-08-26 10:51, success, 65.32
2026-08-26 11:44, success, 64.60
2026-08-26 13:15, success, 59.48
2026-08-26 14:26, success, 57.93
2026-08-26 16:04, unknown, 
2026-08-26 16:59, success, 61.51
2026-08-26 19:20, success, 56.06
2026-08-26 22:31, success, 63.70
2026-08-27 03:36, success, 95.81
2026-08-27 14:41, failed, 53.71
2026-08-28 00:03, unknown, 
2026-08-28 11:21, success, 62.52
2026-08-28 21:33, success, 86.02
2026-08-29 03:27, success, 129.21
2026-08-29 10:27, success, 86.98
2026-08-29 15:22, success, 68.81
2026-08-29 18:53, success, 53.88
2026-08-29 21:44, success, 65.32
2026-08-30 00:19, success, 65.25
2026-08-30 05:51, success, 63.11
2026-08-30 11:54, success, 51.74
2026-08-30 16:38, unknown, 
2026-08-30 19:30, success, 57.54
2026-08-30 22:05, success, 48.25
2026-08-31 00:35, success, 69.79
2026-08-31 06:09, success, 69.76
2026-08-31 13:54, failed, 
2026-08-31 20:05, failed, 
2026-08-31 23:53, failed, 
2026-09-01 05:06, failed, 
2026-09-01 10:02, unknown, 
2026-09-01 14:56, failed, 
2026-09-01 18:29, success, 91.30
2026-09-01 21:21, success, 91.36
2026-09-01 23:36, success, 109.90
2026-09-02 01:25, success, 69.70
2026-09-02 06:29, failed, 63.05
2026-09-02 11:46, failed, 
2026-09-02 16:33, failed, 
2026-09-02 19:31, failed, 
2026-09-02 22:00, failed, 
2026-09-03 00:12, failed, 
2026-09-03 05:03, failed, 
2026-09-03 09:45, failed, 
2026-09-03 14:35, failed, 
2026-09-03 18:08, failed, 
2026-09-03 21:02, failed, 
2026-09-03 23:17, failed, 
2026-09-04 01:24, failed, 
2026-09-04 06:33, failed, 
2026-09-04 11:45, failed, 
2026-09-04 16:20, failed, 
2026-09-04 19:12, failed, 
2026-09-04 21:31, failed, 
2026-09-04 23:20, failed, 
2026-09-05 01:25, failed, 
2026-09-05 06:20, failed, 
2026-09-05 10:56, failed, 
2026-09-05 13:53, failed, 
2026-09-05 16:53, failed, 
2026-09-05 19:06, failed, 
2026-09-05 21:13, failed, 
2026-09-05 23:16, unknown, 
2026-09-06 01:21, failed, 
2026-09-06 06:31, failed, 
