2026-06-11 13:56, success, 3.92
2026-06-11 14:38, success, 6.52
2026-06-11 15:07, success, 4.33
2026-06-11 15:24, success, 4.42
2026-06-11 15:35, success, 6.08
2026-06-11 15:45, success, 4.32
2026-06-11 15:52, success, 2.98
2026-06-11 16:13, success, 3.99
2026-06-11 16:46, success, 7.28
2026-06-11 17:06, success, 3.92
2026-06-11 17:31, success, 4.05
2026-06-11 17:38, success, 4.65
2026-06-11 18:02, success, 3.84
2026-06-11 18:32, success, 4.56
2026-06-11 19:00, success, 4.74
2026-06-11 19:31, success, 4.17
2026-06-11 20:00, success, 9.46
2026-06-11 20:02, success, 7.47
2026-06-11 20:31, success, 4.50
2026-06-11 20:59, success, 8.73
2026-06-11 21:01, success, 4.48
2026-06-11 21:31, success, 4.53
2026-06-11 22:01, success, 13.37
2026-06-11 22:03, success, 5.15
2026-06-11 22:31, success, 6.12
2026-06-11 23:00, success, 24.02
2026-06-11 23:02, success, 14.11
2026-06-11 23:31, success, 15.44
2026-06-12 00:00, success, 6.38
2026-06-12 00:03, success, 12.92
2026-06-12 00:31, success, 6.86
2026-06-12 01:00, success, 12.41
2026-06-12 01:01, success, 13.84
2026-06-12 01:33, success, 9.88
2026-06-12 02:01, success, 14.36
2026-06-12 02:02, success, 12.06
2026-06-12 02:31, success, 21.49
2026-06-12 03:00, success, 9.55
2026-06-12 03:03, success, 7.00
2026-06-12 03:31, success, 5.73
2026-06-12 04:00, success, 3.84
2026-06-12 04:02, success, 4.19
2026-06-12 04:31, success, 5.21
2026-06-12 05:00, success, 5.95
2026-06-12 05:05, success, 6.87
2026-06-12 05:33, success, 4.02
2026-06-12 05:59, success, 26.66
2026-06-12 06:05, success, 28.16
2026-06-12 06:30, success, 4.74
2026-06-12 06:59, success, 5.08
2026-06-12 07:01, success, 4.45
2026-06-12 07:30, success, 28.31
2026-06-12 08:00, success, 4.73
2026-06-12 08:03, success, 15.66
2026-06-12 08:31, success, 3.97
2026-06-12 09:00, success, 6.87
2026-06-12 09:03, success, 11.78
2026-06-12 09:31, success, 4.10
2026-06-12 10:00, success, 25.87
2026-06-12 10:03, success, 8.31
2026-06-12 10:32, success, 5.65
2026-06-12 10:59, success, 4.90
2026-06-12 11:02, success, 18.92
2026-06-12 11:31, success, 4.40
2026-06-12 11:59, success, 3.87
2026-06-12 12:02, success, 4.33
2026-06-12 12:31, success, 3.92
2026-06-12 12:59, success, 3.85
2026-06-12 13:02, success, 15.00
2026-06-12 13:31, success, 3.91
2026-06-12 14:00, success, 15.05
2026-06-12 14:02, success, 4.71
2026-06-12 14:31, success, 4.87
2026-06-12 15:00, success, 8.33
2026-06-12 15:02, success, 5.77
2026-06-12 15:22, success, 6.02
2026-06-12 15:30, success, 4.20
2026-06-12 16:00, success, 4.98
2026-06-12 16:02, success, 5.14
2026-06-12 16:31, success, 3.84
2026-06-12 17:00, success, 3.84
2026-06-12 17:02, success, 3.57
2026-06-12 17:31, success, 4.06
2026-06-12 18:00, success, 7.16
2026-06-12 18:02, success, 9.33
2026-06-12 18:31, success, 4.56
2026-06-12 18:59, success, 4.49
2026-06-12 19:02, success, 3.66
2026-06-12 19:31, success, 4.85
2026-06-12 20:00, success, 3.86
2026-06-12 20:03, success, 9.53
2026-06-12 20:30, success, 7.64
2026-06-12 21:00, success, 5.35
2026-06-12 21:02, success, 23.78
2026-06-12 21:30, success, 7.02
2026-06-12 22:00, success, 4.80
2026-06-12 22:01, success, 4.79
2026-06-12 22:32, success, 4.65
2026-06-12 23:00, success, 5.07
2026-06-12 23:02, success, 5.12
2026-06-12 23:31, success, 4.32
2026-06-13 00:00, success, 4.43
2026-06-13 00:02, success, 3.71
2026-06-13 00:31, success, 4.92
2026-06-13 01:00, success, 4.53
2026-06-13 01:01, success, 3.94
2026-06-13 01:30, success, 3.76
2026-06-13 02:00, success, 4.69
2026-06-13 02:02, success, 4.44
2026-06-13 02:31, success, 4.16
2026-06-13 03:00, success, 22.08
2026-06-13 03:02, success, 20.59
2026-06-13 03:31, success, 20.16
2026-06-13 03:59, success, 4.34
2026-06-13 04:02, success, 3.79
2026-06-13 04:31, success, 3.82
2026-06-13 05:00, success, 8.11
2026-06-13 05:02, success, 4.37
2026-06-13 05:31, success, 7.26
2026-06-13 06:00, success, 3.91
2026-06-13 06:01, success, 3.64
2026-06-13 06:31, success, 6.11
2026-06-13 07:00, success, 5.32
2026-06-13 07:02, success, 4.37
2026-06-13 07:31, success, 4.83
2026-06-13 07:59, success, 4.05
2026-06-13 08:02, success, 7.11
2026-06-13 08:31, success, 7.09
2026-06-13 09:00, success, 15.29
2026-06-13 09:02, success, 23.19
2026-06-13 09:30, success, 25.21
2026-06-13 10:00, success, 8.80
2026-06-13 10:02, success, 6.52
2026-06-13 10:30, success, 25.70
2026-06-13 10:59, success, 15.89
2026-06-13 11:03, success, 27.57
2026-06-13 11:31, success, 6.08
2026-06-13 12:00, success, 5.94
2026-06-13 12:02, success, 7.41
2026-06-13 12:30, success, 4.12
2026-06-13 13:00, success, 14.57
2026-06-13 13:02, success, 16.96
2026-06-13 13:31, success, 4.94
2026-06-13 14:00, success, 7.20
2026-06-13 14:02, success, 7.29
2026-06-13 14:30, success, 3.93
2026-06-13 15:00, success, 7.83
2026-06-13 15:01, success, 25.64
2026-06-13 15:31, success, 4.05
2026-06-13 15:59, success, 4.17
2026-06-13 16:02, success, 4.44
2026-06-13 16:31, success, 3.83
2026-06-13 17:00, success, 5.04
2026-06-13 17:02, success, 4.58
2026-06-13 17:31, success, 4.16
2026-06-13 18:00, success, 4.57
2026-06-13 18:02, success, 4.79
2026-06-13 18:31, success, 7.17
2026-06-13 19:00, success, 6.65
2026-06-13 19:02, success, 4.05
2026-06-13 19:31, success, 15.68
2026-06-13 20:00, success, 4.80
2026-06-13 20:02, success, 4.56
2026-06-13 20:31, success, 4.44
2026-06-13 21:00, success, 28.28
2026-06-13 21:02, success, 19.45
2026-06-13 21:31, success, 33.97
2026-06-13 22:00, success, 5.98
2026-06-13 22:02, success, 6.40
2026-06-13 22:31, success, 4.18
2026-06-13 22:59, success, 3.81
2026-06-13 23:02, success, 4.60
2026-06-13 23:31, success, 4.06
2026-06-14 00:00, success, 9.00
2026-06-14 00:02, success, 6.92
2026-06-14 00:31, success, 5.22
2026-06-14 00:59, success, 5.73
2026-06-14 01:02, success, 4.29
2026-06-14 01:31, success, 5.17
2026-06-14 02:00, success, 6.71
2026-06-14 02:02, success, 5.00
2026-06-14 02:30, success, 8.18
2026-06-14 03:00, success, 8.14
2026-06-14 03:03, success, 9.96
2026-06-14 03:31, success, 7.27
2026-06-14 04:00, success, 6.02
2026-06-14 04:02, success, 6.20
2026-06-14 04:31, success, 5.33
2026-06-14 05:00, success, 6.97
2026-06-14 05:02, success, 4.71
2026-06-14 05:31, success, 11.07
2026-06-14 06:00, success, 4.53
2026-06-14 06:03, success, 4.44
2026-06-14 06:31, success, 6.08
2026-06-14 07:00, success, 9.98
2026-06-14 07:02, success, 4.62
2026-06-14 07:31, success, 4.27
2026-06-14 08:00, success, 14.99
2026-06-14 08:02, success, 4.68
2026-06-14 08:30, success, 4.73
2026-06-14 09:00, success, 5.62
2026-06-14 09:02, success, 4.93
2026-06-14 09:31, success, 6.85
2026-06-14 10:00, success, 6.49
2026-06-14 10:02, success, 5.10
2026-06-14 10:31, success, 5.91
2026-06-14 11:00, success, 7.72
2026-06-14 11:02, success, 8.70
2026-06-14 11:30, success, 5.36
2026-06-14 12:00, success, 4.91
2026-06-14 12:02, success, 4.52
2026-06-14 12:31, success, 5.29
2026-06-14 13:00, success, 12.39
2026-06-14 13:02, success, 3.89
2026-06-14 13:31, success, 7.60
2026-06-14 14:00, success, 6.44
2026-06-14 14:02, success, 4.68
2026-06-14 14:31, success, 5.60
2026-06-14 15:00, success, 4.52
2026-06-14 15:02, success, 5.07
2026-06-14 15:30, success, 4.90
2026-06-14 16:00, success, 20.54
2026-06-14 16:02, success, 33.60
2026-06-14 16:31, success, 26.45
2026-06-14 16:59, success, 10.68
2026-06-14 17:05, success, 17.38
2026-06-14 17:30, success, 5.44
2026-06-14 18:01, success, 4.18
2026-06-14 18:05, success, 3.72
2026-06-14 18:31, success, 9.56
2026-06-14 19:00, success, 5.16
2026-06-14 19:02, success, 3.97
2026-06-14 19:31, success, 4.82
2026-06-14 20:00, success, 7.38
2026-06-14 20:02, success, 16.77
2026-06-14 20:31, success, 4.36
2026-06-14 20:59, success, 10.25
2026-06-14 21:01, success, 13.15
2026-06-14 21:30, success, 4.62
2026-06-14 22:00, success, 4.52
2026-06-14 22:02, success, 4.47
2026-06-14 22:31, success, 4.94
2026-06-14 23:00, success, 4.18
2026-06-14 23:02, success, 4.59
2026-06-14 23:31, success, 4.56
2026-06-15 00:00, success, 5.80
2026-06-15 00:02, success, 3.77
2026-06-15 00:31, success, 4.70
2026-06-15 01:00, success, 9.94
2026-06-15 01:02, success, 4.42
2026-06-15 01:30, success, 4.73
2026-06-15 01:59, success, 21.09
2026-06-15 02:01, success, 29.33
2026-06-15 02:31, success, 5.13
2026-06-15 02:59, success, 3.86
2026-06-15 03:02, success, 4.26
2026-06-15 03:31, success, 11.54
2026-06-15 04:00, success, 6.09
2026-06-15 04:02, success, 5.56
2026-06-15 04:31, success, 4.69
2026-06-15 05:00, success, 8.69
2026-06-15 05:03, success, 4.28
2026-06-15 05:31, success, 4.06
2026-06-15 06:00, success, 8.46
2026-06-15 06:03, success, 7.63
2026-06-15 06:31, success, 4.17
2026-06-15 07:00, success, 3.88
2026-06-15 07:03, success, 3.77
2026-06-15 07:31, success, 6.99
2026-06-15 08:00, success, 4.57
2026-06-15 08:02, success, 3.89
2026-06-15 08:31, success, 4.83
2026-06-15 09:00, success, 4.99
2026-06-15 09:02, success, 4.54
2026-06-15 09:31, success, 4.16
2026-06-15 10:00, success, 10.70
2026-06-15 10:02, success, 4.75
2026-06-15 10:31, success, 5.35
2026-06-15 11:00, success, 20.03
2026-06-15 11:03, success, 15.36
2026-06-15 11:31, success, 4.42
2026-06-15 12:00, success, 4.42
2026-06-15 12:03, success, 9.60
2026-06-15 12:30, success, 23.94
2026-06-15 13:00, success, 19.83
2026-06-15 13:02, success, 18.71
2026-06-15 13:31, success, 14.59
2026-06-15 14:00, success, 5.28
2026-06-15 14:00, success, 3.80
2026-06-15 14:30, success, 5.19
2026-06-15 15:00, success, 5.18
2026-06-15 15:02, success, 13.01
2026-06-15 15:31, success, 4.16
2026-06-15 16:00, success, 4.96
2026-06-15 16:02, success, 4.04
2026-06-15 16:31, success, 10.27
2026-06-15 17:00, success, 4.72
2026-06-15 17:02, success, 3.79
2026-06-15 17:31, success, 4.66
2026-06-15 17:59, success, 20.18
2026-06-15 18:02, success, 4.61
2026-06-15 18:31, success, 4.06
2026-06-15 18:59, success, 4.42
2026-06-15 19:01, success, 3.83
2026-06-15 19:31, success, 6.46
2026-06-15 20:00, success, 4.13
2026-06-15 20:02, success, 4.03
2026-06-15 20:31, success, 4.43
2026-06-15 21:00, success, 6.13
2026-06-15 21:02, success, 4.50
2026-06-15 21:31, success, 4.31
2026-06-15 22:00, success, 5.60
2026-06-15 22:02, success, 4.46
2026-06-15 22:31, success, 7.72
2026-06-15 23:00, success, 5.16
2026-06-15 23:02, success, 4.36
2026-06-15 23:31, success, 7.04
2026-06-16 00:00, success, 4.33
2026-06-16 00:02, success, 3.97
2026-06-16 00:30, success, 4.30
2026-06-16 01:00, success, 5.13
2026-06-16 01:01, success, 4.68
2026-06-16 01:31, success, 6.01
2026-06-16 02:00, success, 4.91
2026-06-16 02:00, failed, 24.74
2026-06-16 02:31, success, 4.87
2026-06-16 02:59, success, 4.45
2026-06-16 03:02, success, 5.58
2026-06-16 03:30, success, 7.40
2026-06-16 03:59, success, 4.42
2026-06-16 04:02, success, 4.66
2026-06-16 04:31, success, 3.94
2026-06-16 05:00, success, 5.04
2026-06-16 05:02, success, 4.07
2026-06-16 05:31, success, 6.15
2026-06-16 06:00, success, 5.11
2026-06-16 06:01, success, 3.74
2026-06-16 06:31, success, 4.41
2026-06-16 07:00, success, 5.19
2026-06-16 07:02, success, 13.89
2026-06-16 07:30, success, 7.48
2026-06-16 07:58, success, 5.42
2026-06-16 08:01, success, 4.40
2026-06-16 08:31, success, 7.85
2026-06-16 09:02, success, 4.41
2026-06-16 09:05, success, 4.72
2026-06-16 09:31, success, 16.75
2026-06-16 10:00, success, 12.11
2026-06-16 10:02, success, 22.25
2026-06-16 10:31, success, 5.94
2026-06-16 10:59, success, 3.92
2026-06-16 11:01, success, 3.65
2026-06-16 11:31, success, 4.02
2026-06-16 11:59, success, 4.04
2026-06-16 12:01, success, 3.71
2026-06-16 12:31, success, 4.61
2026-06-16 13:00, success, 5.86
2026-06-16 13:02, success, 7.43
2026-06-16 13:28, success, 4.78
2026-06-16 13:30, success, 7.94
2026-06-16 14:00, success, 4.98
2026-06-16 14:02, success, 5.16
2026-06-16 14:31, success, 4.91
2026-06-16 15:00, success, 4.99
2026-06-16 15:02, success, 4.43
2026-06-16 15:31, success, 5.96
2026-06-16 15:59, success, 5.25
2026-06-16 16:02, success, 4.08
2026-06-16 16:30, success, 5.32
2026-06-16 17:00, success, 5.72
2026-06-16 17:02, success, 5.37
2026-06-16 17:31, success, 8.83
2026-06-16 18:00, success, 20.30
2026-06-16 18:02, success, 8.10
2026-06-16 18:30, success, 6.42
2026-06-16 19:00, success, 6.48
2026-06-16 19:01, success, 5.57
2026-06-16 19:31, success, 8.77
2026-06-16 20:00, success, 6.06
2026-06-16 20:02, success, 7.98
2026-06-16 20:31, success, 9.37
2026-06-16 21:00, success, 6.19
2026-06-16 21:02, success, 5.43
2026-06-16 21:31, success, 8.61
2026-06-16 22:00, success, 6.47
2026-06-16 22:02, success, 4.42
2026-06-16 22:31, success, 6.86
2026-06-16 23:00, success, 17.34
2026-06-16 23:01, failed, 31.68
2026-06-16 23:30, success, 5.50
2026-06-17 00:00, success, 6.39
2026-06-17 00:02, success, 5.21
2026-06-17 00:31, success, 7.25
2026-06-17 01:00, success, 7.21
2026-06-17 01:02, success, 5.50
2026-06-17 01:31, success, 5.06
2026-06-17 02:00, success, 7.79
2026-06-17 02:02, success, 4.74
2026-06-17 02:31, success, 8.48
2026-06-17 02:59, success, 7.06
2026-06-17 03:01, success, 5.39
2026-06-17 03:30, success, 6.27
2026-06-17 04:00, success, 5.87
2026-06-17 04:01, success, 4.69
2026-06-17 04:30, success, 15.88
2026-06-17 05:00, success, 7.42
2026-06-17 05:02, success, 7.63
2026-06-17 05:30, success, 5.02
2026-06-17 06:00, success, 5.58
2026-06-17 06:01, success, 6.10
2026-06-17 06:31, success, 16.03
2026-06-17 07:00, success, 7.60
2026-06-17 07:01, success, 4.10
2026-06-17 07:31, success, 6.76
2026-06-17 08:00, success, 5.52
2026-06-17 08:02, success, 21.96
2026-06-17 08:30, success, 4.81
2026-06-17 09:00, success, 5.31
2026-06-17 09:01, success, 4.02
2026-06-17 09:31, success, 6.36
2026-06-17 10:00, success, 5.86
2026-06-17 10:01, success, 5.27
2026-06-17 10:30, success, 7.81
2026-06-17 10:59, success, 5.79
2026-06-17 11:01, success, 4.68
2026-06-17 11:30, success, 5.14
2026-06-17 12:00, success, 6.70
2026-06-17 12:02, success, 4.69
2026-06-17 12:31, success, 5.31
2026-06-17 13:00, success, 6.52
2026-06-17 13:02, success, 5.34
2026-06-17 13:30, success, 25.84
2026-06-17 14:00, success, 5.48
2026-06-17 14:02, success, 5.73
2026-06-17 14:30, success, 8.15
2026-06-17 14:59, success, 9.19
2026-06-17 15:01, success, 6.24
2026-06-17 15:31, success, 11.23
2026-06-17 16:00, success, 7.11
2026-06-17 16:02, success, 4.60
2026-06-17 16:30, success, 7.67
2026-06-17 17:00, success, 7.24
2026-06-17 17:02, success, 8.23
2026-06-17 17:30, success, 6.25
2026-06-17 18:00, success, 8.62
2026-06-17 18:02, success, 6.55
2026-06-17 18:31, success, 5.94
2026-06-17 19:00, success, 5.52
2026-06-17 19:02, success, 10.78
2026-06-17 19:29, failed, 6.04
2026-06-17 19:59, success, 6.59
2026-06-17 20:05, success, 5.31
2026-06-17 20:31, success, 12.27
2026-06-17 20:59, success, 6.81
2026-06-17 21:01, success, 6.55
2026-06-17 21:31, success, 6.22
2026-06-17 21:59, success, 8.05
2026-06-17 22:01, success, 5.05
2026-06-17 22:31, success, 6.28
2026-06-17 22:59, success, 6.21
2026-06-17 23:01, success, 6.41
2026-06-17 23:31, success, 6.14
2026-06-18 00:00, success, 8.68
2026-06-18 00:02, success, 10.50
2026-06-18 00:29, unknown, 0.00
2026-06-18 01:00, success, 7.11
2026-06-18 01:03, success, 7.80
2026-06-18 01:31, success, 8.23
2026-06-18 02:00, success, 6.64
2026-06-18 02:02, success, 6.09
2026-06-18 02:31, success, 12.66
2026-06-18 03:00, success, 9.30
2026-06-18 03:02, success, 8.20
2026-06-18 03:31, success, 9.64
2026-06-18 04:00, success, 17.23
2026-06-18 04:02, success, 5.87
2026-06-18 04:31, success, 19.63
2026-06-18 05:00, success, 6.46
2026-06-18 05:02, success, 10.03
2026-06-18 05:31, success, 13.08
2026-06-18 05:59, success, 5.50
2026-06-18 06:02, success, 5.96
2026-06-18 06:31, success, 9.37
2026-06-18 07:00, success, 9.36
2026-06-18 07:01, success, 4.75
2026-06-18 07:31, success, 4.36
2026-06-18 08:00, success, 7.26
2026-06-18 08:02, success, 7.78
2026-06-18 08:20, success, 7.57
2026-06-18 08:30, success, 5.26
2026-06-18 08:59, success, 6.26
2026-06-18 09:01, success, 5.10
2026-06-18 09:30, success, 4.66
2026-06-18 10:31, success, 6.08
2026-06-18 11:00, success, 12.05
2026-06-18 11:03, success, 6.41
2026-06-18 11:31, success, 9.15
2026-06-18 12:00, success, 7.04
2026-06-18 12:03, success, 6.46
2026-06-18 12:31, success, 22.51
2026-06-18 13:00, success, 9.38
2026-06-18 13:02, success, 6.86
2026-06-18 13:31, success, 8.96
2026-06-18 14:00, success, 7.59
2026-06-18 14:02, success, 8.62
2026-06-18 14:32, success, 30.04
2026-06-18 15:00, success, 10.54
2026-06-18 15:03, success, 13.24
2026-06-18 15:31, success, 10.68
2026-06-18 16:00, success, 12.79
2026-06-18 16:03, success, 10.16
2026-06-18 16:31, success, 8.94
2026-06-18 17:00, success, 9.09
2026-06-18 17:02, success, 6.08
2026-06-18 17:31, success, 9.26
2026-06-18 18:00, success, 8.21
2026-06-18 18:02, success, 10.00
2026-06-18 18:31, success, 10.16
2026-06-18 19:00, success, 16.62
2026-06-18 19:02, success, 18.01
2026-06-18 19:30, success, 7.02
2026-06-18 19:59, success, 10.39
2026-06-18 20:01, success, 6.24
2026-06-18 20:31, success, 13.27
2026-06-18 21:00, success, 8.39
2026-06-18 21:03, success, 9.60
2026-06-18 21:31, success, 11.05
2026-06-18 22:00, success, 10.11
2026-06-18 22:02, success, 7.20
2026-06-18 22:31, success, 7.81
2026-06-18 23:00, success, 7.95
2026-06-18 23:02, success, 7.09
2026-06-18 23:31, success, 14.71
2026-06-19 00:00, success, 6.75
2026-06-19 00:02, success, 7.18
2026-06-19 00:31, success, 8.99
2026-06-19 01:00, success, 10.16
2026-06-19 01:02, success, 5.89
2026-06-19 01:31, success, 7.10
2026-06-19 02:01, success, 13.92
2026-06-19 02:03, success, 8.14
2026-06-19 02:31, success, 12.69
2026-06-19 03:00, success, 7.35
2026-06-19 03:02, success, 9.05
2026-06-19 03:31, success, 9.24
2026-06-19 04:00, success, 11.00
2026-06-19 04:02, success, 5.65
2026-06-19 04:31, success, 11.77
2026-06-19 05:00, success, 15.18
2026-06-19 05:02, success, 9.73
2026-06-19 05:31, success, 8.76
2026-06-19 06:00, success, 12.38
2026-06-19 06:03, success, 13.10
2026-06-19 06:31, success, 8.68
2026-06-19 07:00, success, 7.59
2026-06-19 07:03, success, 23.74
2026-06-19 07:31, success, 7.26
2026-06-19 08:00, success, 8.95
2026-06-19 08:02, success, 8.76
2026-06-19 08:30, success, 8.67
2026-06-19 09:00, success, 10.43
2026-06-19 09:02, success, 7.83
2026-06-19 09:31, success, 10.03
2026-06-19 10:00, success, 7.31
2026-06-19 10:01, success, 6.54
2026-06-19 10:31, success, 8.89
2026-06-19 11:00, success, 11.20
2026-06-19 11:02, success, 8.50
2026-06-19 11:31, success, 13.04
2026-06-19 12:00, success, 8.10
2026-06-19 12:02, success, 10.36
2026-06-19 12:31, success, 11.14
2026-06-19 13:00, success, 9.59
2026-06-19 13:02, success, 7.96
2026-06-19 13:31, failed, 28.08
2026-06-19 14:00, success, 9.76
2026-06-19 14:02, success, 8.47
2026-06-19 14:31, success, 8.62
2026-06-19 15:00, success, 8.48
2026-06-19 15:03, success, 11.17
2026-06-19 15:30, success, 6.88
2026-06-19 16:00, success, 9.74
2026-06-19 16:03, success, 18.83
2026-06-19 16:31, success, 22.37
2026-06-19 17:00, success, 8.88
2026-06-19 17:02, success, 18.93
2026-06-19 17:31, success, 8.21
2026-06-19 18:01, success, 15.96
2026-06-19 18:05, success, 9.87
2026-06-19 18:33, success, 8.44
2026-06-19 18:59, failed, 12.18
2026-06-19 19:02, success, 5.98
2026-06-19 19:31, success, 6.25
2026-06-19 20:00, success, 10.27
2026-06-19 20:02, success, 7.79
2026-06-19 20:31, success, 9.04
2026-06-19 21:01, success, 9.38
2026-06-19 21:03, success, 13.70
2026-06-19 21:31, success, 8.60
2026-06-19 22:00, success, 15.14
2026-06-19 22:02, success, 9.66
2026-06-19 22:31, success, 20.81
2026-06-19 23:00, success, 8.79
2026-06-19 23:03, success, 19.11
2026-06-19 23:31, success, 7.61
2026-06-20 00:01, success, 44.57
2026-06-20 00:03, success, 7.50
2026-06-20 00:31, success, 13.09
2026-06-20 01:00, success, 17.72
2026-06-20 01:02, success, 10.25
2026-06-20 01:31, success, 14.99
2026-06-20 02:00, success, 12.88
2026-06-20 02:02, success, 11.50
2026-06-20 02:30, failed, 
2026-06-20 03:01, failed, 22.57
2026-06-20 03:04, success, 7.95
2026-06-20 03:32, success, 15.33
2026-06-20 04:00, success, 12.01
2026-06-20 04:03, success, 32.14
2026-06-20 04:31, success, 14.90
2026-06-20 05:03, success, 22.52
2026-06-20 05:05, success, 9.49
2026-06-20 05:31, success, 7.82
2026-06-20 06:00, success, 12.39
2026-06-20 06:02, success, 10.14
2026-06-20 06:31, success, 13.21
2026-06-20 07:00, success, 7.85
2026-06-20 07:02, failed, 16.53
2026-06-20 07:31, success, 6.80
2026-06-20 08:00, success, 10.51
2026-06-20 08:02, success, 6.32
2026-06-20 08:31, success, 6.32
2026-06-20 09:00, success, 12.73
2026-06-20 09:05, success, 6.51
2026-06-20 09:34, success, 7.55
2026-06-20 10:02, success, 11.73
2026-06-20 10:05, success, 5.68
2026-06-20 10:33, success, 6.48
2026-06-20 11:00, success, 13.59
2026-06-20 11:04, success, 8.90
2026-06-20 11:31, success, 9.98
2026-06-20 12:01, success, 7.72
2026-06-20 12:03, success, 11.66
2026-06-20 12:31, success, 9.02
2026-06-20 13:00, success, 8.75
2026-06-20 13:02, success, 12.00
2026-06-20 13:31, success, 12.61
2026-06-20 14:00, success, 8.02
2026-06-20 14:02, success, 8.29
2026-06-20 14:31, success, 12.16
2026-06-20 15:03, success, 9.35
2026-06-20 15:08, success, 22.87
2026-06-20 15:31, success, 7.30
2026-06-20 15:59, success, 9.07
2026-06-20 16:02, success, 10.05
2026-06-20 16:32, success, 9.40
2026-06-20 17:00, success, 12.17
2026-06-20 17:02, success, 6.23
2026-06-20 17:31, success, 7.70
2026-06-20 18:00, success, 10.74
2026-06-20 18:02, success, 7.30
2026-06-20 18:31, success, 13.68
2026-06-20 19:00, success, 14.16
2026-06-20 19:03, success, 10.42
2026-06-20 19:31, success, 8.02
2026-06-20 20:00, success, 11.80
2026-06-20 20:02, success, 6.85
2026-06-20 20:31, success, 9.08
2026-06-20 21:00, success, 16.24
2026-06-20 21:03, success, 43.41
2026-06-20 21:31, success, 7.18
2026-06-20 22:00, success, 12.73
2026-06-20 22:03, success, 9.52
2026-06-20 22:31, success, 8.68
2026-06-20 23:00, success, 18.28
2026-06-20 23:04, success, 27.22
2026-06-20 23:32, success, 10.81
2026-06-21 00:01, success, 13.07
2026-06-21 00:04, success, 9.61
2026-06-21 00:31, success, 9.16
2026-06-21 01:00, success, 6.85
2026-06-21 01:02, success, 10.54
2026-06-21 01:31, success, 8.42
2026-06-21 02:00, success, 11.08
2026-06-21 02:02, success, 9.36
2026-06-21 02:31, success, 8.87
2026-06-21 03:00, success, 8.83
2026-06-21 03:03, success, 14.00
2026-06-21 03:31, success, 7.57
2026-06-21 04:00, success, 9.32
2026-06-21 04:02, success, 7.84
2026-06-21 04:31, success, 20.60
2026-06-21 05:00, success, 7.62
2026-06-21 05:02, success, 8.17
2026-06-21 05:31, success, 9.91
2026-06-21 06:00, success, 15.65
2026-06-21 06:07, success, 19.94
2026-06-21 06:31, success, 9.82
2026-06-21 07:00, success, 6.90
2026-06-21 07:02, success, 8.23
2026-06-21 07:31, success, 12.79
2026-06-21 08:00, success, 9.55
2026-06-21 08:02, success, 5.80
2026-06-21 08:31, success, 12.06
2026-06-21 09:00, success, 11.01
2026-06-21 09:02, success, 11.95
2026-06-21 09:32, failed, 71.23
2026-06-21 09:59, failed, 
2026-06-21 10:02, success, 9.45
2026-06-21 10:31, success, 12.60
2026-06-21 11:01, success, 6.90
2026-06-21 11:04, success, 19.19
2026-06-21 11:31, success, 8.16
2026-06-21 12:00, success, 10.52
2026-06-21 12:02, success, 9.31
2026-06-21 12:31, success, 14.67
2026-06-21 13:00, success, 8.15
2026-06-21 13:02, success, 18.61
2026-06-21 13:31, success, 12.91
2026-06-21 14:00, success, 7.49
2026-06-21 14:02, success, 6.87
2026-06-21 14:31, success, 11.58
2026-06-21 15:00, success, 13.53
2026-06-21 15:02, success, 10.80
2026-06-21 15:31, success, 9.68
2026-06-21 16:00, success, 11.11
2026-06-21 16:02, success, 8.16
2026-06-21 16:31, success, 9.76
2026-06-21 17:00, success, 21.88
2026-06-21 17:02, success, 9.03
2026-06-21 17:31, success, 13.26
2026-06-21 18:00, success, 13.84
2026-06-21 18:03, success, 9.37
2026-06-21 18:31, success, 13.37
2026-06-21 19:00, success, 8.26
2026-06-21 19:02, success, 5.94
2026-06-21 19:31, success, 11.79
2026-06-21 20:00, success, 27.49
2026-06-21 20:03, success, 15.88
2026-06-21 20:31, success, 8.95
2026-06-21 21:00, success, 9.32
2026-06-21 21:02, success, 18.97
2026-06-21 21:31, success, 13.64
2026-06-21 22:00, success, 13.60
2026-06-21 22:02, success, 17.61
2026-06-21 22:31, success, 19.24
2026-06-21 23:00, success, 12.28
2026-06-21 23:02, success, 8.25
2026-06-21 23:32, success, 29.79
2026-06-22 00:00, success, 11.91
2026-06-22 00:03, success, 15.56
2026-06-22 00:31, success, 10.63
2026-06-22 01:00, success, 6.46
2026-06-22 01:02, success, 9.71
2026-06-22 01:31, success, 13.24
2026-06-22 02:00, success, 14.74
2026-06-22 02:02, success, 6.17
2026-06-22 02:31, success, 11.98
2026-06-22 03:00, success, 11.24
2026-06-22 03:02, success, 8.83
2026-06-22 03:31, success, 7.76
2026-06-22 04:00, success, 6.49
2026-06-22 04:03, success, 7.17
2026-06-22 04:31, success, 8.77
2026-06-22 05:01, success, 10.18
2026-06-22 05:04, success, 10.55
2026-06-22 05:31, success, 32.14
2026-06-22 06:00, success, 8.47
2026-06-22 06:01, success, 7.23
2026-06-22 06:31, success, 17.07
2026-06-22 07:00, success, 21.35
2026-06-22 07:03, success, 9.42
2026-06-22 07:31, success, 18.52
2026-06-22 08:00, success, 9.07
2026-06-22 08:02, success, 11.16
2026-06-22 08:31, success, 9.31
2026-06-22 09:00, success, 10.39
2026-06-22 09:02, success, 9.68
2026-06-22 09:31, success, 10.90
2026-06-22 09:51, success, 8.00
2026-06-22 11:19, success, 25.25
2026-06-22 11:46, success, 7.04
2026-06-22 12:39, success, 6.48
2026-07-30 08:55, unknown, 
2026-08-03 09:54, success, 7.88
2026-08-03 10:45, success, 4.67
2026-08-03 11:33, success, 14.09
2026-08-03 13:20, success, 6.67
2026-08-03 16:08, failed, 
2026-08-03 18:06, success, 4.03
2026-08-03 19:55, success, 8.45
2026-08-03 21:20, success, 5.85
2026-08-03 22:39, success, 5.14
2026-08-03 23:49, success, 3.41
2026-08-04 03:35, failed, 7.66
2026-08-04 06:16, success, 5.28
2026-08-04 09:30, success, 6.97
2026-08-04 11:48, unknown, 
2026-08-04 14:37, unknown, 
2026-08-04 16:30, unknown, 
2026-08-04 18:17, unknown, 
2026-08-04 20:12, unknown, 
2026-08-04 21:53, unknown, 
2026-08-04 23:17, unknown, 
2026-08-05 01:02, unknown, 
2026-08-05 04:26, unknown, 
2026-08-05 07:21, unknown, 
2026-08-05 10:15, failed, 
2026-08-05 12:26, unknown, 
2026-08-05 15:00, failed, 
2026-08-05 16:50, failed, 
2026-08-05 18:47, failed, 
2026-08-05 20:38, failed, 
2026-08-05 21:56, failed, 
2026-08-05 23:17, failed, 
2026-08-06 01:02, failed, 
2026-08-06 04:28, failed, 
2026-08-06 07:23, failed, 
2026-08-06 10:16, failed, 
2026-08-06 12:29, failed, 
2026-08-06 14:59, failed, 
2026-08-07 00:44, failed, 
2026-08-07 04:03, failed, 
2026-08-07 05:48, failed, 
2026-08-07 07:39, failed, 
2026-08-07 08:39, failed, 
2026-08-07 10:09, failed, 
2026-08-07 11:07, failed, 
2026-08-07 11:57, failed, 
2026-08-07 13:35, failed, 
2026-08-07 14:38, failed, 
2026-08-07 15:36, failed, 
2026-08-07 16:33, failed, 
2026-08-07 17:30, failed, 
2026-08-07 18:28, failed, 
2026-08-07 19:37, failed, 
2026-08-07 20:22, failed, 
2026-08-07 21:21, failed, 
2026-08-07 22:16, failed, 
2026-08-07 23:16, failed, 
2026-08-08 00:04, failed, 
2026-08-08 02:19, failed, 
2026-08-08 03:56, failed, 
2026-08-08 05:08, failed, 
2026-08-08 05:57, failed, 
2026-08-08 07:11, failed, 
2026-08-08 08:19, failed, 
2026-08-08 09:20, failed, 
2026-08-08 10:06, failed, 
2026-08-08 10:49, failed, 
2026-08-08 11:39, failed, 
2026-08-08 13:10, failed, 
2026-08-08 14:16, failed, 
2026-08-08 15:02, failed, 
2026-08-08 15:43, failed, 
2026-08-08 16:49, failed, 
2026-08-08 17:44, failed, 
2026-08-08 18:55, failed, 
2026-08-08 19:42, failed, 
2026-08-08 20:46, failed, 
2026-08-08 21:43, failed, 
2026-08-08 22:44, failed, 
2026-08-08 23:41, failed, 
2026-08-09 02:26, failed, 
2026-08-09 04:03, failed, 
2026-08-09 05:16, failed, 
2026-08-09 06:26, failed, 
2026-08-09 07:39, failed, 
2026-08-09 08:59, failed, 
2026-08-09 09:53, failed, 
2026-08-09 10:50, failed, 
2026-08-09 11:41, failed, 
2026-08-09 13:13, failed, 
2026-08-09 14:18, failed, 
2026-08-09 15:04, failed, 
2026-08-09 15:44, failed, 
2026-08-09 16:51, failed, 
2026-08-09 17:45, failed, 
2026-08-09 18:58, failed, 
2026-08-09 19:46, failed, 
2026-08-09 20:49, failed, 
2026-08-09 21:45, failed, 
2026-08-09 22:47, failed, 
2026-08-09 23:44, failed, 
2026-08-10 02:31, failed, 
2026-08-10 04:16, failed, 
2026-08-10 06:00, failed, 
2026-08-10 08:01, failed, 
2026-08-10 09:45, failed, 
2026-08-10 11:19, failed, 
2026-08-10 12:29, failed, 
2026-08-10 14:04, failed, 
2026-08-10 15:14, failed, 
2026-08-10 16:29, failed, 
2026-08-10 17:33, failed, 
2026-08-10 18:30, failed, 
2026-08-10 19:40, failed, 
2026-08-10 20:58, failed, 
2026-08-10 21:55, failed, 
2026-08-10 22:54, failed, 
2026-08-10 23:48, failed, 
2026-08-11 02:24, failed, 
2026-08-11 04:05, failed, 
2026-08-11 05:21, failed, 
2026-08-11 06:32, failed, 
2026-08-11 07:51, failed, 
2026-08-11 09:12, unknown, 
2026-08-11 10:31, unknown, 
2026-08-11 11:27, unknown, 
2026-08-11 12:27, unknown, 
2026-08-11 14:04, unknown, 
2026-08-11 15:14, unknown, 
2026-08-11 16:31, unknown, 
2026-08-11 17:37, unknown, 
2026-08-11 18:35, unknown, 
2026-08-11 19:44, unknown, 
2026-08-11 21:01, unknown, 
2026-08-11 22:01, unknown, 
2026-08-11 22:59, unknown, 
2026-08-11 23:56, unknown, 
2026-08-12 02:41, unknown, 
2026-08-12 04:58, unknown, 
2026-08-12 06:40, unknown, 
2026-08-12 08:38, unknown, 
2026-08-12 09:11, success, 3.87
2026-08-12 09:51, success, 5.07
2026-08-12 11:14, success, 3.30
2026-08-12 12:34, success, 3.71
2026-08-12 14:10, success, 5.00
2026-08-12 15:17, success, 3.05
2026-08-12 16:37, success, 4.82
2026-08-12 17:43, success, 2.82
2026-08-12 18:41, success, 3.57
2026-08-12 19:52, success, 5.12
2026-08-12 21:06, success, 2.41
2026-08-12 22:04, success, 2.92
2026-08-12 23:04, success, 2.86
2026-08-13 00:00, success, 2.81
2026-08-13 02:48, success, 3.79
2026-08-13 05:06, success, 4.51
2026-08-13 06:46, success, 3.51
2026-08-13 08:47, success, 3.55
2026-08-13 10:25, success, 3.82
2026-08-13 11:31, success, 3.50
2026-08-13 12:36, success, 3.47
2026-08-13 14:11, success, 10.92
2026-08-13 15:14, unknown, 
2026-08-13 16:36, success, 7.32
2026-08-13 17:43, success, 2.58
2026-08-13 18:42, success, 3.69
2026-08-13 19:49, success, 3.13
2026-08-13 21:00, failed, 
2026-08-13 22:04, success, 2.40
2026-08-13 23:04, success, 4.30
2026-08-14 00:00, success, 3.20
2026-08-14 02:47, success, 3.09
2026-08-14 05:03, success, 2.97
2026-08-14 06:44, success, 3.52
2026-08-14 08:40, success, 2.50
2026-08-14 09:47, success, 3.13
2026-08-14 11:12, success, 5.26
2026-08-14 12:02, success, 3.05
2026-08-14 13:42, success, 6.01
2026-08-14 14:44, success, 4.00
2026-08-14 15:36, success, 6.55
2026-08-14 16:30, success, 5.31
2026-08-14 17:41, success, 3.97
2026-08-14 18:36, success, 3.82
2026-08-14 19:40, success, 3.23
2026-08-14 20:18, success, 3.83
2026-08-14 21:07, success, 3.44
2026-08-14 21:43, success, 5.55
2026-08-14 22:04, success, 4.73
2026-08-14 22:42, success, 2.75
2026-08-14 23:04, success, 4.43
2026-08-14 23:40, success, 12.03
2026-08-15 00:03, success, 3.70
2026-08-15 01:51, success, 2.39
2026-08-15 03:07, success, 8.18
2026-08-15 03:56, success, 3.25
2026-08-15 04:49, success, 3.34
2026-08-15 05:42, success, 4.69
2026-08-15 06:00, failed, 
2026-08-15 07:01, success, 3.79
2026-08-15 07:46, failed, 6.31
2026-08-15 08:48, success, 4.15
2026-08-15 09:42, success, 2.57
2026-08-15 10:04, success, 2.60
2026-08-15 10:41, success, 3.31
2026-08-15 11:02, success, 4.39
2026-08-15 11:37, success, 3.91
2026-08-15 11:59, success, 2.89
2026-08-15 13:00, success, 2.84
2026-08-15 13:46, success, 3.53
2026-08-15 14:41, success, 3.37
2026-08-15 15:04, success, 2.56
2026-08-15 15:37, success, 3.62
2026-08-15 15:59, success, 3.05
2026-08-15 16:42, success, 2.81
2026-08-15 17:04, failed, 2.40
2026-08-15 17:39, success, 3.28
2026-08-15 18:00, success, 6.78
2026-08-15 18:51, success, 3.71
2026-08-15 19:36, success, 4.09
2026-08-15 19:57, success, 4.15
2026-08-15 20:40, success, 3.14
2026-08-15 21:03, success, 3.05
2026-08-15 21:37, success, 3.72
2026-08-15 21:59, success, 3.52
2026-08-15 22:40, success, 3.54
2026-08-15 23:03, success, 2.32
2026-08-15 23:38, success, 2.83
2026-08-15 23:59, success, 3.02
2026-08-16 02:00, success, 3.70
2026-08-16 03:15, success, 3.53
2026-08-16 04:23, success, 3.35
2026-08-16 05:09, success, 5.12
2026-08-16 05:44, success, 4.13
2026-08-16 07:01, success, 3.53
2026-08-16 07:46, success, 3.29
2026-08-16 08:49, success, 2.88
2026-08-16 09:42, success, 3.39
2026-08-16 10:04, success, 3.08
2026-08-16 10:41, success, 3.98
2026-08-16 11:04, success, 3.54
2026-08-16 11:36, success, 4.20
2026-08-16 12:00, success, 3.30
2026-08-16 13:04, success, 5.22
2026-08-16 13:47, success, 2.92
2026-08-16 14:40, success, 3.35
2026-08-16 15:02, success, 4.85
2026-08-16 15:38, success, 3.82
2026-08-16 16:00, success, 4.10
2026-08-16 16:44, success, 3.07
2026-08-16 17:36, success, 2.57
2026-08-16 17:58, success, 3.20
2026-08-16 18:50, success, 5.00
2026-08-16 19:36, success, 3.09
2026-08-16 19:57, success, 3.37
2026-08-16 20:40, success, 2.86
2026-08-16 20:57, failed, 
2026-08-16 21:37, success, 4.02
2026-08-16 21:59, success, 6.65
2026-08-16 22:39, success, 4.93
2026-08-16 23:00, success, 5.39
2026-08-16 23:37, success, 3.94
2026-08-16 23:58, success, 2.87
2026-08-17 01:57, success, 4.38
2026-08-17 03:15, success, 3.78
2026-08-17 04:28, success, 3.96
2026-08-17 05:24, success, 2.73
2026-08-17 06:09, success, 3.36
2026-08-17 07:19, success, 3.90
2026-08-17 08:28, success, 4.10
2026-08-17 09:28, success, 4.04
2026-08-17 10:16, success, 2.76
2026-08-17 11:01, unknown, 
2026-08-17 11:41, success, 4.22
2026-08-17 12:04, success, 4.18
2026-08-17 13:08, success, 2.98
2026-08-17 13:55, success, 2.96
2026-08-17 14:46, success, 2.71
2026-08-17 15:41, success, 4.01
2026-08-17 16:03, success, 3.45
2026-08-17 16:48, success, 4.76
2026-08-17 17:48, success, 5.74
2026-08-17 19:00, success, 2.85
2026-08-17 19:44, success, 3.61
2026-08-17 20:06, success, 3.38
2026-08-17 20:45, success, 3.05
2026-08-17 21:37, failed, 
2026-08-17 22:04, success, 3.25
2026-08-17 22:37, failed, 
2026-08-17 22:59, unknown, 
2026-08-17 23:34, failed, 
2026-08-18 00:01, success, 4.70
2026-08-18 01:53, success, 3.07
2026-08-18 03:11, success, 3.03
2026-08-18 04:02, success, 3.24
2026-08-18 04:53, success, 3.41
2026-08-18 05:47, success, 8.27
2026-08-18 07:07, success, 5.25
2026-08-18 07:56, success, 3.31
2026-08-18 08:57, success, 3.39
2026-08-18 09:51, success, 3.30
2026-08-18 10:49, success, 3.11
2026-08-18 11:41, success, 2.88
2026-08-18 12:04, success, 2.37
2026-08-18 13:09, success, 3.33
2026-08-18 13:59, success, 3.06
2026-08-18 14:54, success, 3.59
2026-08-18 15:48, success, 2.88
2026-08-18 16:51, success, 4.96
2026-08-18 17:42, success, 3.09
2026-08-18 18:58, success, 3.88
2026-08-18 19:41, success, 5.68
2026-08-18 20:01, success, 7.43
2026-08-18 20:42, success, 3.70
2026-08-18 21:04, success, 3.64
2026-08-18 21:40, success, 3.47
2026-08-18 22:01, success, 4.97
2026-08-18 22:43, success, 3.58
2026-08-18 23:06, success, 2.69
2026-08-18 23:38, success, 8.81
2026-08-19 00:00, success, 2.95
2026-08-19 01:56, success, 4.59
2026-08-19 03:13, success, 3.30
2026-08-19 04:04, success, 3.12
2026-08-19 04:53, success, 4.24
2026-08-19 05:49, success, 4.01
2026-08-19 07:08, success, 4.60
2026-08-19 07:56, success, 3.07
2026-08-19 08:57, success, 11.36
2026-08-19 09:51, success, 5.00
2026-08-19 10:48, success, 3.23
2026-08-19 11:42, success, 3.18
2026-08-19 12:05, success, 2.95
2026-08-19 13:12, success, 6.31
2026-08-19 14:00, success, 4.12
2026-08-19 14:55, success, 3.41
2026-08-19 15:48, success, 3.33
2026-08-19 16:49, success, 4.06
2026-08-19 17:42, success, 3.87
2026-08-19 18:03, success, 2.88
2026-08-19 18:56, success, 2.86
2026-08-19 19:41, success, 2.43
2026-08-19 20:02, success, 2.39
2026-08-19 20:47, success, 3.94
2026-08-19 21:42, success, 3.07
2026-08-19 22:05, success, 3.21
2026-08-19 22:41, success, 2.98
2026-08-19 23:05, success, 2.64
2026-08-19 23:39, success, 2.50
2026-08-20 00:01, success, 2.89
2026-08-20 01:54, success, 5.06
2026-08-20 03:13, success, 3.75
2026-08-20 03:58, failed, 
2026-08-20 04:50, unknown, 
2026-08-20 05:49, success, 4.83
2026-08-20 07:09, success, 2.76
2026-08-20 07:59, success, 3.85
2026-08-20 08:58, success, 4.85
2026-08-20 09:54, success, 5.08
2026-08-20 10:49, success, 2.89
2026-08-20 11:43, success, 3.26
2026-08-20 12:08, success, 4.15
2026-08-20 13:14, success, 6.89
2026-08-20 14:06, success, 4.31
2026-08-20 14:54, success, 3.68
2026-08-20 15:51, success, 3.06
2026-08-20 16:53, success, 10.69
2026-08-20 17:47, success, 3.19
2026-08-20 19:01, success, 3.79
2026-08-20 19:48, success, 2.51
2026-08-20 20:49, success, 2.94
2026-08-20 21:42, success, 3.05
2026-08-20 22:49, success, 3.79
2026-08-20 23:42, success, 3.06
2026-08-21 00:04, success, 3.55
2026-08-21 01:59, success, 3.99
2026-08-21 03:19, success, 3.11
2026-08-21 04:26, success, 3.08
2026-08-21 05:20, success, 3.38
2026-08-21 06:02, unknown, 
2026-08-21 07:09, success, 3.20
2026-08-21 07:59, success, 6.27
2026-08-21 08:55, failed, 
2026-08-21 09:57, success, 3.75
2026-08-21 10:50, success, 7.50
2026-08-21 11:42, success, 2.54
2026-08-21 12:03, success, 5.37
2026-08-21 13:10, success, 3.22
2026-08-21 14:03, success, 5.00
2026-08-21 14:56, success, 3.34
2026-08-21 15:49, success, 3.19
2026-08-21 16:54, success, 3.13
2026-08-21 17:46, success, 3.18
2026-08-21 18:58, success, 4.58
2026-08-21 19:41, success, 4.89
2026-08-21 20:01, success, 2.52
2026-08-21 20:42, success, 2.93
2026-08-21 21:04, success, 3.63
2026-08-21 21:41, success, 3.00
2026-08-21 22:03, success, 2.64
2026-08-21 22:41, success, 7.20
2026-08-21 23:05, success, 3.35
2026-08-21 23:37, success, 3.93
2026-08-22 00:04, success, 3.39
2026-08-22 01:52, success, 3.57
2026-08-22 03:11, success, 5.77
2026-08-22 03:59, success, 2.75
2026-08-22 04:51, success, 2.40
2026-08-22 05:43, success, 4.28
2026-08-22 06:06, success, 3.75
2026-08-22 07:01, success, 3.61
2026-08-22 07:47, success, 3.65
2026-08-22 08:50, success, 5.79
2026-08-22 09:42, success, 3.15
2026-08-22 10:04, success, 9.42
2026-08-22 10:41, success, 2.89
2026-08-22 11:03, success, 2.91
2026-08-22 11:35, success, 5.26
2026-08-22 12:01, success, 5.56
2026-08-22 13:03, success, 4.36
2026-08-22 13:47, success, 3.50
2026-08-22 14:41, success, 5.73
2026-08-22 15:02, success, 3.48
2026-08-22 15:38, success, 3.40
2026-08-22 15:58, success, 4.34
2026-08-22 16:42, success, 3.39
2026-08-22 17:04, success, 5.29
2026-08-22 17:39, success, 5.18
2026-08-22 17:57, success, 3.39
2026-08-22 18:52, success, 2.91
2026-08-22 19:39, success, 5.15
2026-08-22 19:59, success, 6.88
2026-08-22 20:37, failed, 
2026-08-22 21:04, success, 6.93
2026-08-22 21:39, success, 7.81
2026-08-22 22:00, failed, 7.06
2026-08-22 22:40, success, 7.50
2026-08-22 23:02, success, 3.51
2026-08-22 23:38, success, 6.84
2026-08-23 00:01, success, 2.62
2026-08-23 02:03, success, 3.67
2026-08-23 03:18, success, 3.96
2026-08-23 04:26, success, 4.38
2026-08-23 05:12, success, 3.40
2026-08-23 05:48, success, 6.20
2026-08-23 07:03, success, 8.87
2026-08-23 07:50, success, 3.18
2026-08-23 08:51, success, 5.62
2026-08-23 09:44, success, 3.21
2026-08-23 10:41, success, 3.18
2026-08-23 11:01, success, 4.51
2026-08-23 11:38, success, 3.09
2026-08-23 12:03, success, 2.88
2026-08-23 13:02, success, 5.53
2026-08-23 13:46, success, 3.29
2026-08-23 14:42, success, 5.56
2026-08-23 15:04, success, 7.16
2026-08-23 15:39, success, 6.39
2026-08-23 16:00, success, 4.42
2026-08-23 16:44, success, 4.46
2026-08-23 17:40, success, 5.97
2026-08-23 17:59, success, 5.71
2026-08-23 18:51, success, 3.65
2026-08-23 19:36, success, 9.59
2026-08-23 19:59, success, 3.69
2026-08-23 20:41, success, 3.03
2026-08-23 21:03, success, 2.96
2026-08-23 21:38, success, 3.15
2026-08-23 22:02, success, 4.01
2026-08-23 22:41, success, 3.57
2026-08-23 23:01, success, 4.05
2026-08-23 23:38, success, 3.27
2026-08-24 00:00, success, 5.57
2026-08-24 02:01, success, 4.41
2026-08-24 03:20, success, 2.93
2026-08-24 04:31, success, 4.94
2026-08-24 05:28, success, 3.70
2026-08-24 06:13, success, 2.89
2026-08-24 07:25, success, 2.63
2026-08-24 08:30, success, 5.58
2026-08-24 09:28, unknown, 
2026-08-24 10:26, success, 4.89
2026-08-24 11:11, success, 7.43
2026-08-24 11:47, success, 3.23
2026-08-24 13:15, success, 3.27
2026-08-24 14:28, success, 3.05
2026-08-24 15:25, success, 3.03
2026-08-24 16:08, failed, 
2026-08-24 16:59, success, 3.73
2026-08-24 17:49, success, 4.41
2026-08-24 19:02, success, 4.12
2026-08-24 19:46, success, 2.99
2026-08-24 20:50, success, 3.65
2026-08-24 21:46, success, 3.50
2026-08-24 22:45, success, 3.13
2026-08-24 23:37, success, 2.99
2026-08-25 00:00, success, 7.32
2026-08-25 01:54, success, 6.63
2026-08-25 03:15, success, 2.99
2026-08-25 04:27, success, 4.06
2026-08-25 05:21, success, 4.34
2026-08-25 06:08, success, 4.01
2026-08-25 07:11, success, 7.52
2026-08-25 08:02, success, 3.88
2026-08-25 09:00, success, 3.65
2026-08-25 09:54, success, 4.51
2026-08-25 10:51, success, 3.19
2026-08-25 11:42, success, 3.50
2026-08-25 13:11, success, 3.02
2026-08-25 14:06, success, 3.49
2026-08-25 15:01, failed, 
2026-08-25 16:00, success, 3.17
2026-08-25 16:56, success, 4.33
2026-08-25 17:48, success, 5.53
2026-08-25 18:57, success, 4.73
2026-08-25 19:45, success, 5.07
2026-08-25 20:45, success, 3.68
2026-08-25 21:43, success, 3.44
2026-08-25 22:45, success, 3.04
2026-08-25 23:35, failed, 
2026-08-26 00:00, success, 3.42
2026-08-26 01:59, success, 3.46
2026-08-26 03:18, success, 3.11
2026-08-26 04:23, success, 7.38
2026-08-26 05:19, success, 3.68
2026-08-26 06:08, success, 3.24
2026-08-26 07:09, success, 3.34
2026-08-26 08:00, success, 2.72
2026-08-26 09:01, success, 4.34
2026-08-26 09:56, success, 2.42
2026-08-26 10:51, success, 2.52
2026-08-26 11:44, success, 4.31
2026-08-26 13:15, success, 3.46
2026-08-26 14:26, success, 4.03
2026-08-26 16:04, unknown, 
2026-08-26 16:59, success, 5.01
2026-08-26 19:20, success, 3.36
2026-08-26 22:31, success, 5.45
2026-08-27 03:36, success, 3.03
2026-08-27 14:41, success, 6.88
2026-08-28 00:03, success, 4.55
2026-08-28 11:21, success, 4.12
2026-08-28 21:33, success, 2.62
2026-08-29 03:27, success, 3.14
2026-08-29 10:27, success, 6.27
2026-08-29 15:22, success, 3.46
2026-08-29 18:53, success, 3.26
2026-08-29 21:44, success, 2.55
2026-08-30 00:19, success, 3.55
2026-08-30 05:51, success, 3.46
2026-08-30 11:54, success, 7.34
2026-08-30 16:38, failed, 
2026-08-30 19:30, success, 3.26
2026-08-30 22:05, success, 3.01
2026-08-31 00:35, success, 3.97
2026-08-31 06:09, success, 3.73
2026-08-31 13:54, success, 4.43
2026-08-31 20:05, success, 2.93
2026-08-31 23:53, success, 8.09
2026-09-01 05:06, success, 5.45
2026-09-01 10:02, unknown, 
2026-09-01 14:56, success, 2.57
2026-09-01 18:29, success, 5.37
2026-09-01 21:21, success, 3.06
2026-09-01 23:36, success, 2.94
2026-09-02 01:25, success, 3.03
2026-09-02 06:29, success, 3.80
2026-09-02 11:46, success, 2.80
2026-09-02 16:33, success, 3.48
2026-09-02 19:31, success, 3.02
2026-09-02 22:00, success, 7.32
2026-09-03 00:12, success, 8.10
2026-09-03 05:03, success, 3.22
2026-09-03 09:45, success, 3.16
2026-09-03 14:35, success, 4.52
2026-09-03 18:08, success, 4.33
2026-09-03 21:02, success, 2.67
2026-09-03 23:17, success, 10.20
2026-09-04 01:24, success, 3.24
2026-09-04 06:33, success, 2.36
2026-09-04 11:45, success, 3.02
2026-09-04 16:20, success, 2.66
2026-09-04 19:12, success, 5.44
2026-09-04 21:31, success, 2.26
2026-09-04 23:20, success, 8.18
2026-09-05 01:25, success, 2.98
2026-09-05 06:20, success, 2.32
2026-09-05 10:56, success, 2.34
2026-09-05 13:53, success, 2.84
2026-09-05 16:53, success, 4.58
2026-09-05 19:06, success, 13.61
2026-09-05 21:13, success, 2.42
2026-09-05 23:16, failed, 
2026-09-06 01:21, success, 3.62
2026-09-06 06:31, success, 2.84
